C51 COMPILER V9.60.7.0   BUZZER                                                            11/10/2025 17:35:04 PAGE 1   


C51 COMPILER V9.60.7.0, COMPILATION OF MODULE BUZZER
OBJECT MODULE PLACED IN .\Objects\Buzzer.obj
COMPILER INVOKED BY: D:\Keil_v5\C51\BIN\C51.EXE Driver\Buzzer.c LARGE OPTIMIZE(8,SPEED) BROWSE INCDIR(.\Lib;.\Driver;.\U
                    -ser) DEBUG OBJECTEXTEND PRINT(.\Listings\Buzzer.lst) OBJECT(.\Objects\Buzzer.obj)

line level    source

   1          #include "Buzzer.h"
   2          #include "STC8H_PWM.h"
   3          #include "GPIO.h"
   4          #include "NVIC.h"
   5          #include "Switch.h"
   6          
   7          //                       C       D     E        F        G        A        B     C`
   8          // u16 hz[] = {523, 587, 659, 698, 784, 880, 988, 1047};
   9          //                       C`        D`     E`   F`         G`    A`        B`    C``
  10          //u16 hz[] = {1047, 1175, 1319, 1397, 1568, 1760, 1976, 2093};
  11          
  12          u16 code FREQS[] = {
  13                  523 * 1, 587 * 1, 659 * 1, 698 * 1, 784 * 1, 880 * 1, 988 * 1, 
  14                  523 * 2, 587 * 2, 659 * 2, 698 * 2, 784 * 2, 880 * 2, 988 * 2, 
  15                  523 * 4, 587 * 4, 659 * 4, 698 * 4, 784 * 4, 880 * 4, 988 * 4, 
  16                  523 * 8, 587 * 8, 659 * 8, 698 * 8, 784 * 8, 880 * 8, 988 * 8, 
  17          };
  18          
  19          static u8 freqs_cnt = sizeof(FREQS) / sizeof(FREQS[0]);
  20          
  21          static void GPIO_config(void) {
  22   1          GPIO_InitTypeDef    GPIO_InitStructure;             //结构定义
  23   1          GPIO_InitStructure.Pin  = BUZZER_GPIO_PIN;          //指定要初始化的IO,
  24   1          GPIO_InitStructure.Mode = GPIO_OUT_PP;          //指定IO的输入或输出方式,GPIO_PullUp,GPIO_HighZ,GPIO_OUT_OD
             -,GPIO_OUT_PP
  25   1          GPIO_Inilize(BUZZER_GPIO_PORT, &GPIO_InitStructure); //初始化
  26   1      }
  27          
  28          void Buzzer_init(){
  29   1          EAXSFR();           /* 扩展寄存器访问使能 */
  30   1          GPIO_config();
  31   1          
  32   1          BUZZER_PIN = 0;
  33   1      }
  34          
  35          void Buzzer_play(u16 hz_val) {
  36   1          u16 period = MAIN_Fosc / hz_val;
  37   1      
  38   1          PWMx_InitDefine             PWMx_InitStructure;
  39   1      
  40   1          // 配置PWM8
  41   1          PWMx_InitStructure.PWM_Mode                 = CCMRn_PWM_MODE1;          //模式,             CCMRn_FREEZE,CCMRn_MATCH_VALID,CCMRn_
             -MATCH_INVALID,CCMRn_ROLLOVER,CCMRn_FORCE_INVALID,CCMRn_FORCE_VALID,CCMRn_PWM_MODE1,CCMRn_PWM_MODE2
  42   1          PWMx_InitStructure.PWM_Duty                 = (u16)(period * 0.5f); //PWM占空比时间, 0~Period
  43   1          PWMx_InitStructure.PWM_EnoSelect    = ENO8P;                            //输出通道选择,     ENO1P,ENO1N,ENO2P,ENO2N,ENO3P,ENO3N
             -,ENO4P,ENO4N / ENO5P,ENO6P,ENO7P,ENO8P
  44   1          PWM_Configuration(PWM8, &PWMx_InitStructure);                           //初始化PWM,  PWMA,PWMB
  45   1      
  46   1          // 配置PWMB
  47   1          PWMx_InitStructure.PWM_Period   = period - 1;                       //周期时间,   0~65535
  48   1          PWMx_InitStructure.PWM_DeadTime = 0;                                        //死区发生器设置, 0~255
  49   1          PWMx_InitStructure.PWM_MainOutEnable= ENABLE;                       //主输出使能, ENABLE,DISABLE
  50   1          PWMx_InitStructure.PWM_CEN_Enable   = ENABLE;                       //使能计数器, ENABLE,DISABLE
  51   1          PWM_Configuration(PWMB, &PWMx_InitStructure);                       //初始化PWM通用寄存器,  PWMA,PWMB
C51 COMPILER V9.60.7.0   BUZZER                                                            11/10/2025 17:35:04 PAGE 2   

  52   1      
  53   1          // 切换PWM通道
  54   1              PWM8_SW(PWM8_SW_P34);                                   //PWM8_SW_P23,PWM8_SW_P34,PWM8_SW_P03,PWM8_SW_P77
  55   1      
  56   1          // 初始化PWMB的中断
  57   1          NVIC_PWM_Init(PWMB,DISABLE,Priority_0);
  58   1      }
  59          
  60          void Buzzer_beep(u16 idx){ // 0
  61   1          if(idx == 0){ // 不发音
  62   2              Buzzer_stop();
  63   2              return;
  64   2          }
  65   1          
  66   1          // 避免溢出
  67   1          if(idx > freqs_cnt) idx = freqs_cnt;
  68   1          
  69   1          Buzzer_play(FREQS[idx - 1]);
  70   1      }
  71          
  72          /**********************************************************
  73           * @brief 蜂鸣器报警
  74           * @param count    响声次数
  75           * @param duration 每次时长ms
  76           * @param dir      升降调方向 +1, -1, 0
  77           **********************************************************/
  78          void Buzzer_alarm(u8 count, u16 duration, int8 dir){
  79   1          u8 note = 8;
  80   1          
  81   1          while(count--){
  82   2              // 播放指定音符
  83   2              Buzzer_beep(note);
  84   2              os_wait2(K_TMO, duration / 5); // 20 * 5ms = 100ms
  85   2              
  86   2              // 暂停播放
  87   2              Buzzer_stop();    
  88   2              os_wait2(K_TMO, 10); // 10 * 5ms = 50ms
  89   2              
  90   2              // 根据音调变化方向更新音符
  91   2              note += dir;
  92   2          }
  93   1          
  94   1          Buzzer_stop();    
  95   1      }
  96          
  97          void Buzzer_stop(){
  98   1          PWMx_InitDefine             PWMx_InitStructure;
  99   1          // 配置PWM8
 100   1          PWMx_InitStructure.PWM_EnoSelect    = 0;            //输出通道选择, ENO1P,ENO1N,ENO2P,ENO2N,ENO3P,ENO3N,ENO4P,EN
             -O4N / ENO5P,ENO6P,ENO7P,ENO8P
 101   1          PWM_Configuration(PWM8, &PWMx_InitStructure);        //初始化PWM,  PWMA,PWMB
 102   1      
 103   1      //    PWMx_InitDefine           PWMx_InitStructure;
 104   1      //    PWMx_InitStructure.PWM_MainOutEnable= DISABLE;                    //主输出使能, ENABLE,DISABLE
 105   1      //    PWMx_InitStructure.PWM_CEN_Enable   = DISABLE;                    //使能计数器, ENABLE,DISABLE
 106   1      //    PWM_Configuration(PWMB, &PWMx_InitStructure);                     //初始化PWM通用寄存器,  PWMA,PWMB
 107   1      }


MODULE INFORMATION:   STATIC OVERLAYABLE
   CODE SIZE        =    339    ----
   CONSTANT SIZE    =     56    ----
C51 COMPILER V9.60.7.0   BUZZER                                                            11/10/2025 17:35:04 PAGE 3   

   XDATA SIZE       =      1      29
   PDATA SIZE       =   ----    ----
   DATA SIZE        =   ----    ----
   IDATA SIZE       =   ----    ----
   BIT SIZE         =   ----    ----
END OF MODULE INFORMATION.


C51 COMPILATION COMPLETE.  0 WARNING(S),  0 ERROR(S)
