BL51 BANKED LINKER/LOCATER V6.22.4.0                                                    11/10/2025  17:35:04  PAGE 1


BL51 BANKED LINKER/LOCATER V6.22.4.0, INVOKED BY:
D:\KEIL_V5\C51\BIN\BL51.EXE .\Objects\main.obj, .\Objects\UART.obj, .\Objects\UART_Isr.obj, .\Objects\GPIO.obj, .\Object
>> s\Delay.obj, .\Objects\NVIC.obj, .\Objects\ADC.obj, .\Objects\ADC_Isr.obj, .\Objects\STC8H_PWM.obj, .\Objects\STC8H_P
>> WM_Isr.obj, .\Objects\Conf_tny.obj, .\Objects\Ultrasonic.obj, .\Objects\Light.obj, .\Objects\Key.obj, .\Objects\Batte
>> ry.obj, .\Objects\Buzzer.obj, .\Objects\Motors.obj, .\Objects\Tracker.obj TO .\Objects\Project RTX51TINY PRINT (.\Lis
>> tings\Project.m51) RAMSIZE (256) DISABLEWARNING (16, 15)


MEMORY MODEL: LARGE WITH FLOATING POINT ARITHMETIC


INPUT MODULES INCLUDED:
  .\Objects\main.obj (MAIN)
  .\Objects\UART.obj (UART)
  .\Objects\UART_Isr.obj (UART_ISR)
  .\Objects\GPIO.obj (GPIO)
  .\Objects\Delay.obj (DELAY)
  .\Objects\NVIC.obj (NVIC)
  .\Objects\ADC.obj (ADC)
  .\Objects\ADC_Isr.obj (ADC_ISR)
  .\Objects\STC8H_PWM.obj (STC8H_PWM)
  .\Objects\STC8H_PWM_Isr.obj (STC8H_PWM_ISR)
  .\Objects\Conf_tny.obj (?RTX51_TINY_KERNAL)
  .\Objects\Ultrasonic.obj (ULTRASONIC)
  .\Objects\Light.obj (LIGHT)
  .\Objects\Key.obj (KEY)
  .\Objects\Battery.obj (BATTERY)
  .\Objects\Buzzer.obj (BUZZER)
  .\Objects\Motors.obj (MOTORS)
  .\Objects\Tracker.obj (TRACKER)
  D:\KEIL_V5\C51\LIB\RTX51TNY.LIB (?RTX51_TINY_OS_CREATE)
  D:\KEIL_V5\C51\LIB\RTX51TNY.LIB (?RTX51_TINY_OS_DELETE)
  D:\KEIL_V5\C51\LIB\RTX51TNY.LIB (?RTX51_TINY_OS_WAIT)
  D:\KEIL_V5\C51\LIB\C51FPL.LIB (?C?FPADD)
  D:\KEIL_V5\C51\LIB\C51FPL.LIB (?C?FPMUL)
  D:\KEIL_V5\C51\LIB\C51FPL.LIB (?C?FPDIV)
  D:\KEIL_V5\C51\LIB\C51FPL.LIB (?C?FPCMP)
  D:\KEIL_V5\C51\LIB\C51FPL.LIB (?C?FPNEG)
  D:\KEIL_V5\C51\LIB\C51FPL.LIB (?C?FCAST)
  D:\KEIL_V5\C51\LIB\C51FPL.LIB (?C?CASTF)
  D:\KEIL_V5\C51\LIB\C51FPL.LIB (PRINTF)
  D:\KEIL_V5\C51\LIB\C51FPL.LIB (?C?FPGETOPN)
  D:\KEIL_V5\C51\LIB\C51FPL.LIB (?C?FPROUND)
  D:\KEIL_V5\C51\LIB\C51FPL.LIB (?C?FPCONVERT)
  D:\KEIL_V5\C51\LIB\C51FPL.LIB (?C?FTNPWR)
  D:\KEIL_V5\C51\LIB\C51L.LIB (?C_STARTUP)
  D:\KEIL_V5\C51\LIB\C51L.LIB (?C?COPY)
  D:\KEIL_V5\C51\LIB\C51L.LIB (?C?CLDPTR)
  D:\KEIL_V5\C51\LIB\C51L.LIB (?C?CLDOPTR)
  D:\KEIL_V5\C51\LIB\C51L.LIB (?C?CSTPTR)
  D:\KEIL_V5\C51\LIB\C51L.LIB (?C?CSTOPTR)
  D:\KEIL_V5\C51\LIB\C51L.LIB (?C?IMUL)
  D:\KEIL_V5\C51\LIB\C51L.LIB (?C?UIDIV)
  D:\KEIL_V5\C51\LIB\C51L.LIB (?C?SIDIV)
  D:\KEIL_V5\C51\LIB\C51L.LIB (?C?ILDPTR)
  D:\KEIL_V5\C51\LIB\C51L.LIB (?C?ILDOPTR)
  D:\KEIL_V5\C51\LIB\C51L.LIB (?C?ULDIV)
  D:\KEIL_V5\C51\LIB\C51L.LIB (?C?SLDIV)
BL51 BANKED LINKER/LOCATER V6.22.4.0                                                  11/10/2025  17:35:04  PAGE 2


  D:\KEIL_V5\C51\LIB\C51L.LIB (?C?LNEG)
  D:\KEIL_V5\C51\LIB\C51L.LIB (?C?ULCMP)
  D:\KEIL_V5\C51\LIB\C51L.LIB (?C?ULSHR)
  D:\KEIL_V5\C51\LIB\C51L.LIB (?C?LLDPTR)
  D:\KEIL_V5\C51\LIB\C51L.LIB (?C?LSTPTR)
  D:\KEIL_V5\C51\LIB\C51L.LIB (?C?LLDOPTR0)
  D:\KEIL_V5\C51\LIB\C51L.LIB (?C?LSTXDATA)
  D:\KEIL_V5\C51\LIB\C51L.LIB (?C?LSTKXDATA)
  D:\KEIL_V5\C51\LIB\C51L.LIB (?C?PLDIXDATA)
  D:\KEIL_V5\C51\LIB\C51L.LIB (?C?PSTXDATA)
  D:\KEIL_V5\C51\LIB\C51L.LIB (?C?CCASE)
  D:\KEIL_V5\C51\LIB\C51L.LIB (?C_INIT)
  D:\KEIL_V5\C51\LIB\C51L.LIB (?C?LLDIDATA)
  D:\KEIL_V5\C51\LIB\C51L.LIB (?C?LLDXDATA)
  D:\KEIL_V5\C51\LIB\C51L.LIB (?C?LLDPDATA)
  D:\KEIL_V5\C51\LIB\C51L.LIB (?C?LLDCODE)
  D:\KEIL_V5\C51\LIB\C51L.LIB (?C?LLDIDATA0)
  D:\KEIL_V5\C51\LIB\C51L.LIB (?C?LLDXDATA0)
  D:\KEIL_V5\C51\LIB\C51L.LIB (?C?LLDPDATA0)
  D:\KEIL_V5\C51\LIB\C51L.LIB (?C?LLDCODE0)
  D:\KEIL_V5\C51\LIB\C51L.LIB (?C?LSTIDATA)
  D:\KEIL_V5\C51\LIB\C51L.LIB (?C?LSTPDATA)


TASK TABLE OF MODULE:  .\Objects\Project (MAIN)

TASKID   PRIORITY   REG-BANK   SEGMENT NAME
-------------------------------------------
0        0          0          ?PR?TASK_MAIN?MAIN
1        0          0          ?PR?TASK_1?MAIN
2        0          0          ?PR?TASK_TRACKING?MAIN



LINK MAP OF MODULE:  .\Objects\Project (MAIN)


            TYPE    BASE      LENGTH    RELOCATION   SEGMENT NAME
            -----------------------------------------------------

            * * * * * * *   D A T A   M E M O R Y   * * * * * * *
            REG     0000H     0008H     ABSOLUTE     "REG BANK 0"
            DATA    0008H     0006H     ABSOLUTE     
            DATA    000EH     000AH     UNIT         _DATA_GROUP_
            DATA    0018H     0001H     UNIT         ?DT?DELAY10US?ULTRASONIC
            IDATA   0019H     0006H     UNIT         ?RTX?TASKSTATE?S
                    001FH     0001H                  *** GAP ***
            BIT     0020H.0   0002H.2   UNIT         _BIT_GROUP_
            BIT     0022H.2   0000H.1   UNIT         ?RTX?BITS
                    0022H.3   0000H.5                *** GAP ***
            IDATA   0023H     0003H     UNIT         ?RTX?TASKSP?S
            IDATA   0026H     0001H     UNIT         ?STACK

            * * * * * * *  X D A T A   M E M O R Y  * * * * * * *
            XDATA   0000H     02D4H     UNIT         ?XD?UART
            XDATA   02D4H     0093H     UNIT         _XDATA_GROUP_
            XDATA   0367H     0015H     UNIT         ?XD?_MOTORS_MOVE_LEFT?MOTORS
BL51 BANKED LINKER/LOCATER V6.22.4.0                                                  11/10/2025  17:35:04  PAGE 3


            XDATA   037CH     0015H     UNIT         ?XD?_MOTORS_MOVE_RIGHT?MOTORS
            XDATA   0391H     0014H     UNIT         ?XD?_MOTORS_BACKWARD?MOTORS
            XDATA   03A5H     000BH     UNIT         ?XD?_BUZZER_PLAY?BUZZER
            XDATA   03B0H     0009H     UNIT         ?XD?BUZZER_STOP?BUZZER
            XDATA   03B9H     0008H     UNIT         ?XD?MAIN
            XDATA   03C1H     0005H     UNIT         ?XD?_ULTRASONIC_GET_DISTANCE?ULTRASONIC
            XDATA   03C6H     0005H     UNIT         ?XD?_BUZZER_ALARM?BUZZER
            XDATA   03CBH     0004H     UNIT         ?XD?BATTERY_GET_VOLTAGE?BATTERY
            XDATA   03CFH     0002H     UNIT         ?XD?_GET_ADCRESULT?ADC
            XDATA   03D1H     0002H     UNIT         ?XD?_BUZZER_BEEP?BUZZER
            XDATA   03D3H     0002H     UNIT         ?XD?TRACKER
            XDATA   03D5H     0001H     UNIT         ?XD?KEY
            XDATA   03D6H     0001H     UNIT         ?XD?BUZZER

            * * * * * * *   C O D E   M E M O R Y   * * * * * * *
            CODE    0000H     0003H     ABSOLUTE     
            CODE    0003H     0007H     UNIT         ?PR?DELAY10US?ULTRASONIC
            CODE    000AH     0001H     UNIT         ?PR?GPIO_CONFIG?MAIN
            CODE    000BH     0003H     ABSOLUTE     
            CODE    000EH     0013H     UNIT         ?PR?_PRINTSTRING1?UART
                    0021H     0002H                  *** GAP ***
            CODE    0023H     0003H     ABSOLUTE     
            CODE    0026H     0005H     UNIT         ?PR?_PUTCHAR?UART
            CODE    002BH     0003H     ABSOLUTE     
            CODE    002EH     0013H     UNIT         ?PR?_PRINTSTRING2?UART
                    0041H     0002H                  *** GAP ***
            CODE    0043H     0003H     ABSOLUTE     
            CODE    0046H     0044H     UNIT         ?C?LDIV
                    008AH     0001H                  *** GAP ***
            CODE    008BH     0003H     ABSOLUTE     
            CODE    008EH     0004H     UNIT         ?PR?ADC_ISR_HANDLER?ADC_ISR
                    0092H     0001H                  *** GAP ***
            CODE    0093H     0003H     ABSOLUTE     
            CODE    0096H     0A78H     UNIT         ?C?LIB_CODE
            CODE    0B0EH     0653H     UNIT         ?PR?_UART_CONFIGURATION?UART
            CODE    1161H     0483H     UNIT         ?PR?PRINTF?PRINTF
            CODE    15E4H     0412H     UNIT         ?PR?_PWM_CONFIGURATION?STC8H_PWM
            CODE    19F6H     02E3H     UNIT         ?RTX?CODE
            CODE    1CD9H     0254H     UNIT         ?PR?_GPIO_INILIZE?GPIO
            CODE    1F2DH     023FH     UNIT         ?PR?PWM_CONFIG?MOTORS
            CODE    216CH     014DH     UNIT         ?PR?_UPDATEPWM?STC8H_PWM
            CODE    22B9H     00E8H     UNIT         ?PR?_ULTRASONIC_GET_DISTANCE?ULTRASONIC
            CODE    23A1H     00D7H     UNIT         ?PR?TASK_TRACKING?MAIN
            CODE    2478H     00C7H     UNIT         ?PR?_MOTORS_AROUND?MOTORS
            CODE    253FH     00BAH     UNIT         ?PR?_MOTORS_MOVE_RIGHT?MOTORS
            CODE    25F9H     009CH     UNIT         ?PR?_MOTORS_MOVE_LEFT?MOTORS
            CODE    2695H     008CH     UNIT         ?C_C51STARTUP
            CODE    2721H     0087H     UNIT         ?PR?_BUZZER_PLAY?BUZZER
            CODE    27A8H     007FH     UNIT         ?PR?_NVIC_PWM_INIT?NVIC
            CODE    2827H     0078H     UNIT         ?PR?_GET_ADCRESULT?ADC
            CODE    289FH     0078H     UNIT         ?PR?_MOTORS_BACKWARD?MOTORS
            CODE    2917H     0071H     UNIT         ?PR?TRACKER_GET_POSITION?TRACKER
            CODE    2988H     006AH     UNIT         ?PR?_MOTORS_FORWARD?MOTORS
            CODE    29F2H     005DH     UNIT         ?PR?_NVIC_I2C_INIT?NVIC
            CODE    2A4FH     0055H     UNIT         ?PR?_ADC_INILIZE?ADC
            CODE    2AA4H     0055H     UNIT         ?PR?BATTERY_GET_VOLTAGE?BATTERY
            CODE    2AF9H     0054H     UNIT         ?PR?_BUZZER_ALARM?BUZZER
BL51 BANKED LINKER/LOCATER V6.22.4.0                                                  11/10/2025  17:35:04  PAGE 4


            CODE    2B4DH     0052H     UNIT         ?PR?UART2_ISR_HANDLER?UART_ISR
            CODE    2B9FH     0052H     UNIT         ?PR?UART3_ISR_HANDLER?UART_ISR
            CODE    2BF1H     0052H     UNIT         ?PR?UART4_ISR_HANDLER?UART_ISR
            CODE    2C43H     0051H     UNIT         ?CO?MAIN
            CODE    2C94H     004CH     UNIT         ?PR?UART1_ISR_HANDLER?UART_ISR
            CODE    2CE0H     004BH     UNIT         ?PR?_NVIC_CMP_INIT?NVIC
            CODE    2D2BH     004AH     UNIT         ?PR?_NVIC_UART3_INIT?NVIC
            CODE    2D75H     0049H     UNIT         ?PR?_BUZZER_BEEP?BUZZER
            CODE    2DBEH     0048H     UNIT         ?PR?_NVIC_UART4_INIT?NVIC
            CODE    2E06H     0047H     UNIT         ?PR?_NVIC_SPI_INIT?NVIC
            CODE    2E4DH     0043H     UNIT         ?PR?_NVIC_UART2_INIT?NVIC
            CODE    2E90H     0041H     UNIT         ?PR?_NVIC_TIMER0_INIT?NVIC
            CODE    2ED1H     0041H     UNIT         ?PR?_NVIC_TIMER1_INIT?NVIC
            CODE    2F12H     0041H     UNIT         ?PR?_NVIC_INT0_INIT?NVIC
            CODE    2F53H     0041H     UNIT         ?PR?_NVIC_INT1_INIT?NVIC
            CODE    2F94H     0041H     UNIT         ?PR?_NVIC_ADC_INIT?NVIC
            CODE    2FD5H     0041H     UNIT         ?PR?_NVIC_UART1_INIT?NVIC
            CODE    3016H     003EH     UNIT         ?PR?MOTORS_STOP?MOTORS
            CODE    3054H     003AH     UNIT         ?PR?_NVIC_RTC_INIT?NVIC
            CODE    308EH     0038H     UNIT         ?PR?_NVIC_DMA_ADC_INIT?NVIC
            CODE    30C6H     0038H     UNIT         ?PR?_NVIC_DMA_M2M_INIT?NVIC
            CODE    30FEH     0038H     UNIT         ?PR?_NVIC_DMA_SPI_INIT?NVIC
            CODE    3136H     0038H     UNIT         ?PR?_NVIC_DMA_UART1_TX_INIT?NVIC
            CODE    316EH     0038H     UNIT         ?PR?_NVIC_DMA_UART1_RX_INIT?NVIC
            CODE    31A6H     0038H     UNIT         ?PR?_NVIC_DMA_UART2_TX_INIT?NVIC
            CODE    31DEH     0038H     UNIT         ?PR?_NVIC_DMA_UART2_RX_INIT?NVIC
            CODE    3216H     0038H     UNIT         ?PR?_NVIC_DMA_UART3_TX_INIT?NVIC
            CODE    324EH     0038H     UNIT         ?PR?_NVIC_DMA_UART3_RX_INIT?NVIC
            CODE    3286H     0038H     UNIT         ?PR?_NVIC_DMA_UART4_TX_INIT?NVIC
            CODE    32BEH     0038H     UNIT         ?PR?_NVIC_DMA_UART4_RX_INIT?NVIC
            CODE    32F6H     0038H     UNIT         ?PR?_NVIC_DMA_LCM_INIT?NVIC
            CODE    332EH     0038H     UNIT         ?CO?BUZZER
            CODE    3366H     0031H     UNIT         ?PR?UART_CONFIG?MAIN
            CODE    3397H     002FH     UNIT         ?PR?_TRACKER_SCAN?TRACKER
            CODE    33C6H     002BH     UNIT         ?PR?_NVIC_LCM_INIT?NVIC
            CODE    33F1H     002AH     UNIT         ?PR?KEY_ON_DOWN?MAIN
            CODE    341BH     0029H     UNIT         ?PR?ADC_CONFIG?BATTERY
            CODE    3444H     0023H     UNIT         ?PR?_NVIC_TIMER4_INIT?NVIC
            CODE    3467H     0022H     UNIT         ?C_INITSEG
            CODE    3489H     0022H     UNIT         ?PR?_NVIC_TIMER2_INIT?NVIC
            CODE    34ABH     0022H     UNIT         ?PR?_NVIC_TIMER3_INIT?NVIC
            CODE    34CDH     0020H     UNIT         ?PR?KEY_SCAN?KEY
            CODE    34EDH     0020H     UNIT         ?CO?MOTORS
            CODE    350DH     001FH     UNIT         ?CO?ULTRASONIC
            CODE    352CH     001FH     UNIT         ?PR?GPIO_CONFIG?MOTORS
            CODE    354BH     001EH     UNIT         ?PR?SYS_INIT?MAIN
            CODE    3569H     001EH     UNIT         ?PR?_SPEED2DUTY?MOTORS
            CODE    3587H     001AH     UNIT         ?PR?TASK_1?MAIN
            CODE    35A1H     001AH     UNIT         ?PR?_NVIC_INT4_INIT?NVIC
            CODE    35BBH     0019H     UNIT         ?PR?_NVIC_INT3_INIT?NVIC
            CODE    35D4H     0018H     UNIT         ?PR?_NVIC_INT2_INIT?NVIC
            CODE    35ECH     0016H     UNIT         ?PR?_LIGHT_ON?LIGHT
            CODE    3602H     0016H     UNIT         ?PR?_LIGHT_OFF?LIGHT
            CODE    3618H     0016H     UNIT         ?PR?GPIO_CONFIG?BUZZER
            CODE    362EH     0013H     UNIT         ?PR?_PRINTSTRING3?UART
            CODE    3641H     0013H     UNIT         ?PR?_PRINTSTRING4?UART
            CODE    3654H     0012H     UNIT         ?PR?TASK_MAIN?MAIN
BL51 BANKED LINKER/LOCATER V6.22.4.0                                                  11/10/2025  17:35:04  PAGE 5


            CODE    3666H     0010H     UNIT         ?PR?_DELAY_MS?DELAY
            CODE    3676H     0010H     UNIT         ?PR?BUZZER_STOP?BUZZER
            CODE    3686H     000FH     UNIT         ?PR?_TX1_WRITE2BUFF?UART
            CODE    3695H     000FH     UNIT         ?PR?_TX2_WRITE2BUFF?UART
            CODE    36A4H     000FH     UNIT         ?PR?_TX3_WRITE2BUFF?UART
            CODE    36B3H     000FH     UNIT         ?PR?_TX4_WRITE2BUFF?UART
            CODE    36C2H     000FH     UNIT         ?PR?GPIO_CONFIG?ULTRASONIC
            CODE    36D1H     000EH     UNIT         ?PR?KEY_ON_UP?MAIN
            CODE    36DFH     000DH     UNIT         ?PR?GPIO_CONFIG?LIGHT
            CODE    36ECH     000CH     UNIT         ?PR?_ADC_POWERCONTROL?ADC
            CODE    36F8H     0009H     UNIT         ?PR?BUZZER_INIT?BUZZER
            CODE    3701H     0007H     UNIT         ?PR?KEY_INIT?KEY
            CODE    3708H     0007H     UNIT         ?PR?GPIO_CONFIG?BATTERY
            CODE    370FH     0007H     UNIT         ?PR?TRACKER_INIT?TRACKER
            CODE    3716H     0006H     UNIT         ?RTX?TASKENT?S
            CODE    371CH     0006H     UNIT         ?PR?BATTERY_INIT?BATTERY
            CODE    3722H     0003H     UNIT         ?PR?ULTRASONIC_INIT?ULTRASONIC
            CODE    3725H     0003H     UNIT         ?PR?LIGHT_INIT?LIGHT
            CODE    3728H     0003H     UNIT         ?PR?MOTORS_INIT?MOTORS



OVERLAY MAP OF MODULE:   .\Objects\Project (MAIN)


SEGMENT                                            BIT_GROUP          DATA_GROUP          XDATA_GROUP
  +--> CALLED SEGMENT                           START    LENGTH     START    LENGTH     START    LENGTH
-------------------------------------------------------------------------------------------------------
?PR?TASK_MAIN?MAIN                              -----    -----      -----    -----      -----    -----
  +--> ?PR?SYS_INIT?MAIN

?PR?SYS_INIT?MAIN                               -----    -----      -----    -----      -----    -----
  +--> ?PR?GPIO_CONFIG?MAIN
  +--> ?PR?UART_CONFIG?MAIN
  +--> ?PR?LIGHT_INIT?LIGHT
  +--> ?PR?KEY_INIT?KEY
  +--> ?PR?BATTERY_INIT?BATTERY
  +--> ?PR?BUZZER_INIT?BUZZER
  +--> ?PR?MOTORS_INIT?MOTORS
  +--> ?PR?TRACKER_INIT?TRACKER

?PR?UART_CONFIG?MAIN                            -----    -----      -----    -----      02D4H    0009H
  +--> ?PR?_UART_CONFIGURATION?UART
  +--> ?PR?_NVIC_UART1_INIT?NVIC

?PR?_UART_CONFIGURATION?UART                    -----    -----      -----    -----      02DDH    000AH

?PR?LIGHT_INIT?LIGHT                            -----    -----      -----    -----      -----    -----
  +--> ?PR?GPIO_CONFIG?LIGHT

?PR?BATTERY_INIT?BATTERY                        -----    -----      -----    -----      -----    -----
  +--> ?PR?GPIO_CONFIG?BATTERY
  +--> ?PR?ADC_CONFIG?BATTERY

?PR?ADC_CONFIG?BATTERY                          -----    -----      -----    -----      02D4H    0005H
  +--> ?PR?_ADC_INILIZE?ADC
  +--> ?PR?_ADC_POWERCONTROL?ADC
BL51 BANKED LINKER/LOCATER V6.22.4.0                                                  11/10/2025  17:35:04  PAGE 6


  +--> ?PR?_NVIC_ADC_INIT?NVIC

?PR?BUZZER_INIT?BUZZER                          -----    -----      -----    -----      -----    -----
  +--> ?PR?GPIO_CONFIG?BUZZER

?PR?GPIO_CONFIG?BUZZER                          -----    -----      -----    -----      02D4H    0002H
  +--> ?PR?_GPIO_INILIZE?GPIO

?PR?MOTORS_INIT?MOTORS                          -----    -----      -----    -----      -----    -----
  +--> ?PR?GPIO_CONFIG?MOTORS

*** NEW ROOT ***************************************************

?PR?TASK_1?MAIN                                 -----    -----      -----    -----      -----    -----
  +--> ?CO?MAIN
  +--> ?PR?PRINTF?PRINTF
  +--> ?PR?_LIGHT_OFF?LIGHT
  +--> ?PR?KEY_SCAN?KEY

?PR?PRINTF?PRINTF                               0021H.1  0001H.1    0013H    0005H      0325H    0030H
  +--> ?PR?_PUTCHAR?UART

?PR?_PUTCHAR?UART                               -----    -----      -----    -----      -----    -----
  +--> ?PR?_TX1_WRITE2BUFF?UART

?PR?KEY_SCAN?KEY                                -----    -----      -----    -----      -----    -----
  +--> ?PR?KEY_ON_UP?MAIN
  +--> ?PR?KEY_ON_DOWN?MAIN

?PR?KEY_ON_UP?MAIN                              -----    -----      -----    -----      -----    -----
  +--> ?PR?_LIGHT_OFF?LIGHT
  +--> ?CO?MAIN
  +--> ?PR?PRINTF?PRINTF

?PR?KEY_ON_DOWN?MAIN                            -----    -----      -----    -----      02E7H    0004H
  +--> ?PR?_LIGHT_ON?LIGHT
  +--> ?CO?MAIN
  +--> ?PR?PRINTF?PRINTF

*** NEW ROOT ***************************************************

?PR?TASK_TRACKING?MAIN                          -----    -----      -----    -----      031BH    000AH
  +--> ?PR?TRACKER_GET_POSITION?TRACKER
  +--> ?PR?MOTORS_STOP?MOTORS
  +--> ?CO?MAIN
  +--> ?PR?PRINTF?PRINTF
  +--> ?PR?_MOTORS_AROUND?MOTORS
  +--> ?PR?_MOTORS_FORWARD?MOTORS

?PR?TRACKER_GET_POSITION?TRACKER                -----    -----      -----    -----      0325H    0002H

?PR?MOTORS_STOP?MOTORS                          -----    -----      -----    -----      0325H    0010H
  +--> ?PR?PWM_CONFIG?MOTORS

?PR?PWM_CONFIG?MOTORS                           -----    -----      -----    -----      033AH    002DH
  +--> ?PR?_SPEED2DUTY?MOTORS
  +--> ?PR?_PWM_CONFIGURATION?STC8H_PWM
BL51 BANKED LINKER/LOCATER V6.22.4.0                                                  11/10/2025  17:35:04  PAGE 7


  +--> ?PR?_NVIC_PWM_INIT?NVIC

?PR?_MOTORS_AROUND?MOTORS                       -----    -----      -----    -----      0325H    0015H
  +--> ?PR?PWM_CONFIG?MOTORS

?PR?_MOTORS_FORWARD?MOTORS                      -----    -----      -----    -----      0325H    0014H
  +--> ?PR?PWM_CONFIG?MOTORS

*** NEW ROOT ***************************************************

?C_C51STARTUP                                   -----    -----      -----    -----      -----    -----
  +--> ?C_INITSEG



SYMBOL TABLE OF MODULE:  .\Objects\Project (MAIN)

  VALUE           TYPE          NAME
  ----------------------------------

  -------         MODULE        MAIN
  C:0000H         SYMBOL        _ICE_DUMMY_
  D:0080H         PUBLIC        P0
  D:0090H         PUBLIC        P1
  D:00A0H         PUBLIC        P2
  D:00B0H         PUBLIC        P3
  C:33F1H         PUBLIC        Key_on_down
  D:00C0H         PUBLIC        P4
  D:00C8H         PUBLIC        P5
  D:00E8H         PUBLIC        P6
  B:00A8H.7       PUBLIC        EA
  D:00F8H         PUBLIC        P7
  C:000AH         SYMBOL        GPIO_config
  D:00A2H         PUBLIC        P_SW1
  D:00BAH         PUBLIC        P_SW2
  D:00A8H         PUBLIC        IE
  X:03B9H         PUBLIC        is_tracking
  C:3366H         PUBLIC        UART_config
  D:00B8H         PUBLIC        IP
  C:36D1H         PUBLIC        Key_on_up
  D:0098H         PUBLIC        SCON
  D:0088H         PUBLIC        TCON
  C:3654H         PUBLIC        task_main
  X:03BAH         PUBLIC        move_state
  C:3587H         PUBLIC        task_1
  X:03BBH         PUBLIC        duty
  X:03BFH         PUBLIC        direction_step
  C:23A1H         PUBLIC        task_tracking
  C:354BH         PUBLIC        sys_init
  D:00D0H         PUBLIC        PSW
  -------         PROC          GPIO_CONFIG
  C:000AH         LINE#         31
  C:000AH         LINE#         33
  -------         ENDPROC       GPIO_CONFIG
  -------         PROC          UART_CONFIG
  -------         DO            
  X:02D4H         SYMBOL        COMx_InitStructure
BL51 BANKED LINKER/LOCATER V6.22.4.0                                                  11/10/2025  17:35:04  PAGE 8


  -------         ENDDO         
  C:3366H         LINE#         35
  C:3366H         LINE#         38
  C:336CH         LINE#         39
  C:3370H         LINE#         40
  C:3378H         LINE#         41
  C:337EH         LINE#         42
  C:3381H         LINE#         43
  C:338CH         LINE#         45
  C:3393H         LINE#         46
  C:3396H         LINE#         47
  -------         ENDPROC       UART_CONFIG
  -------         PROC          SYS_INIT
  C:354BH         LINE#         49
  C:354BH         LINE#         50
  C:354EH         LINE#         52
  C:3551H         LINE#         53
  C:3554H         LINE#         56
  C:3557H         LINE#         57
  C:355AH         LINE#         58
  C:355DH         LINE#         59
  C:3560H         LINE#         60
  C:3563H         LINE#         61
  C:3566H         LINE#         63
  C:3568H         LINE#         64
  -------         ENDPROC       SYS_INIT
  -------         PROC          TASK_MAIN
  C:3654H         LINE#         67
  C:3654H         LINE#         69
  C:3657H         LINE#         71
  C:365CH         LINE#         73
  C:3661H         LINE#         75
  -------         ENDPROC       TASK_MAIN
  -------         PROC          KEY_ON_UP
  C:36D1H         LINE#         79
  C:36D1H         LINE#         80
  C:36D6H         LINE#         81
  -------         ENDPROC       KEY_ON_UP
  -------         PROC          KEY_ON_DOWN
  -------         DO            
  X:02E7H         SYMBOL        Vbat
  -------         ENDDO         
  C:33F1H         LINE#         101
  C:33F1H         LINE#         102
  C:33FBH         LINE#         103
  C:3400H         LINE#         104
  C:3409H         LINE#         107
  C:341AH         LINE#         129
  -------         ENDPROC       KEY_ON_DOWN
  -------         PROC          TASK_1
  C:3587H         LINE#         132
  C:3587H         LINE#         134
  C:3590H         LINE#         136
  C:3595H         LINE#         138
  C:3595H         LINE#         140
  C:3598H         LINE#         142
  C:359FH         LINE#         143
BL51 BANKED LINKER/LOCATER V6.22.4.0                                                  11/10/2025  17:35:04  PAGE 9


  -------         ENDPROC       TASK_1
  -------         PROC          TASK_TRACKING
  -------         DO            
  X:031BH         SYMBOL        states
  X:0320H         SYMBOL        i
  X:0321H         SYMBOL        pos
  X:0323H         SYMBOL        last_pos
  -------         ENDDO         
  C:23A1H         LINE#         149
  C:23A1H         LINE#         151
  C:23A6H         LINE#         153
  C:23B2H         LINE#         155
  C:23B2H         LINE#         164
  C:23BDH         LINE#         168
  C:23C3H         LINE#         170
  C:23C6H         LINE#         172
  C:23CDH         LINE#         173
  C:23D6H         LINE#         175
  C:23D8H         LINE#         176
  C:23D8H         LINE#         179
  C:23ECH         LINE#         180
  C:23F3H         LINE#         182
  C:23F5H         LINE#         183
  C:23F5H         LINE#         186
  C:2403H         LINE#         188
  C:240BH         LINE#         189
  C:2419H         LINE#         190
  C:241FH         LINE#         191
  C:2432H         LINE#         192
  C:2443H         LINE#         193
  C:2449H         LINE#         194
  C:244BH         LINE#         195
  C:2456H         LINE#         196
  C:246EH         LINE#         197
  C:246EH         LINE#         201
  C:2475H         LINE#         203
  -------         ENDPROC       TASK_TRACKING
  -------         ENDMOD        MAIN

  -------         MODULE        UART
  C:0000H         SYMBOL        _ICE_DUMMY_
  C:0B0EH         PUBLIC        _UART_Configuration
  D:0080H         PUBLIC        P0
  D:0090H         PUBLIC        P1
  D:00A0H         PUBLIC        P2
  D:00B0H         PUBLIC        P3
  D:00C0H         PUBLIC        P4
  D:00C8H         PUBLIC        P5
  D:00E8H         PUBLIC        P6
  D:00F8H         PUBLIC        P7
  D:00A8H         PUBLIC        IE
  X:0000H         PUBLIC        COM1
  X:0005H         PUBLIC        COM2
  X:000AH         PUBLIC        COM3
  X:000FH         PUBLIC        COM4
  D:008FH         PUBLIC        INTCLKO
  D:00B8H         PUBLIC        IP
BL51 BANKED LINKER/LOCATER V6.22.4.0                                                  11/10/2025  17:35:04  PAGE 10


  X:0014H         PUBLIC        RX1_Buffer
  X:0094H         PUBLIC        RX2_Buffer
  X:0114H         PUBLIC        RX3_Buffer
  X:0154H         PUBLIC        TX1_Buffer
  X:01D4H         PUBLIC        RX4_Buffer
  X:01F4H         PUBLIC        TX2_Buffer
  X:0274H         PUBLIC        TX3_Buffer
  X:02B4H         PUBLIC        TX4_Buffer
  D:0099H         PUBLIC        SBUF
  D:0087H         PUBLIC        PCON
  D:0098H         PUBLIC        SCON
  D:0089H         PUBLIC        TMOD
  D:0088H         PUBLIC        TCON
  C:000EH         PUBLIC        _PrintString1
  C:002EH         PUBLIC        _PrintString2
  C:362EH         PUBLIC        _PrintString3
  C:3641H         PUBLIC        _PrintString4
  D:00AFH         PUBLIC        IE2
  D:008EH         PUBLIC        AUXR
  C:3686H         PUBLIC        _TX1_write2buff
  C:3695H         PUBLIC        _TX2_write2buff
  C:36A4H         PUBLIC        _TX3_write2buff
  C:36B3H         PUBLIC        _TX4_write2buff
  B:00A8H.3       PUBLIC        ET1
  D:008DH         PUBLIC        TH1
  D:00D6H         PUBLIC        T2H
  D:00D4H         PUBLIC        T3H
  D:00D2H         PUBLIC        T4H
  D:008BH         PUBLIC        TL1
  D:00D7H         PUBLIC        T2L
  D:00D5H         PUBLIC        T3L
  D:00D3H         PUBLIC        T4L
  B:0088H.6       PUBLIC        TR1
  D:00D1H         PUBLIC        T4T3M
  D:009BH         PUBLIC        S2BUF
  D:00ADH         PUBLIC        S3BUF
  B:0098H.4       PUBLIC        REN
  D:0085H         PUBLIC        S4BUF
  D:009AH         PUBLIC        S2CON
  D:00ACH         PUBLIC        S3CON
  D:0084H         PUBLIC        S4CON
  D:00D0H         PUBLIC        PSW
  C:0026H         PUBLIC        _putchar
  -------         PROC          _UART_CONFIGURATION
  X:02DDH         SYMBOL        UARTx
  X:02DEH         SYMBOL        COMx
  -------         DO            
  X:02E1H         SYMBOL        i
  X:02E3H         SYMBOL        j
  -------         ENDDO         
  C:0B0EH         LINE#         47
  C:0B1EH         LINE#         48
  C:0B1EH         LINE#         58
  C:0B25H         LINE#         59
  C:0B25H         LINE#         60
  C:0B29H         LINE#         61
  C:0B2BH         LINE#         62
BL51 BANKED LINKER/LOCATER V6.22.4.0                                                  11/10/2025  17:35:04  PAGE 11


  C:0B2DH         LINE#         63
  C:0B2FH         LINE#         64
  C:0B31H         LINE#         66
  C:0B63H         LINE#         67
  C:0B96H         LINE#         69
  C:0BACH         LINE#         70
  C:0BB9H         LINE#         71
  C:0BB9H         LINE#         72
  C:0BD0H         LINE#         73
  C:0BEDH         LINE#         74
  C:0C0FH         LINE#         75
  C:0C25H         LINE#         76
  C:0C25H         LINE#         77
  C:0C27H         LINE#         78
  C:0C2AH         LINE#         79
  C:0C2DH         LINE#         80
  C:0C30H         LINE#         81
  C:0C33H         LINE#         82
  C:0C48H         LINE#         83
  C:0C51H         LINE#         84
  C:0C53H         LINE#         85
  C:0C56H         LINE#         86
  C:0C59H         LINE#         87
  C:0C5BH         LINE#         88
  C:0C5DH         LINE#         89
  C:0C62H         LINE#         90
  C:0C62H         LINE#         91
  C:0C65H         LINE#         92
  C:0C68H         LINE#         93
  C:0C6BH         LINE#         94
  C:0C6EH         LINE#         95
  C:0C83H         LINE#         96
  C:0C8CH         LINE#         97
  C:0C8FH         LINE#         98
  C:0C92H         LINE#         99
  C:0C94H         LINE#         100
  C:0C97H         LINE#         101
  C:0C97H         LINE#         102
  C:0CA8H         LINE#         103
  C:0CA8H         LINE#         104
  C:0CB6H         LINE#         105
  C:0CB9H         LINE#         106
  C:0CBBH         LINE#         107
  C:0CBFH         LINE#         108
  C:0CBFH         LINE#         109
  C:0CCDH         LINE#         110
  C:0CD0H         LINE#         111
  C:0CD0H         LINE#         112
  C:0CE9H         LINE#         114
  C:0CECH         LINE#         115
  C:0CECH         LINE#         118
  C:0CF7H         LINE#         119
  C:0CF7H         LINE#         120
  C:0CFBH         LINE#         121
  C:0CFDH         LINE#         122
  C:0CFFH         LINE#         123
  C:0D01H         LINE#         124
BL51 BANKED LINKER/LOCATER V6.22.4.0                                                  11/10/2025  17:35:04  PAGE 12


  C:0D03H         LINE#         126
  C:0D35H         LINE#         127
  C:0D68H         LINE#         129
  C:0D83H         LINE#         130
  C:0D83H         LINE#         131
  C:0D8CH         LINE#         132
  C:0D8FH         LINE#         133
  C:0DA6H         LINE#         134
  C:0DC3H         LINE#         135
  C:0DE5H         LINE#         136
  C:0DE8H         LINE#         137
  C:0DEBH         LINE#         138
  C:0DEEH         LINE#         139
  C:0E03H         LINE#         140
  C:0E0CH         LINE#         141
  C:0E0FH         LINE#         142
  C:0E12H         LINE#         143
  C:0E14H         LINE#         144
  C:0E17H         LINE#         145
  C:0E33H         LINE#         147
  C:0E36H         LINE#         148
  C:0E36H         LINE#         151
  C:0E41H         LINE#         152
  C:0E41H         LINE#         153
  C:0E45H         LINE#         154
  C:0E47H         LINE#         155
  C:0E49H         LINE#         156
  C:0E4BH         LINE#         157
  C:0E4DH         LINE#         158
  C:0E7FH         LINE#         159
  C:0EB2H         LINE#         161
  C:0ECDH         LINE#         162
  C:0ECDH         LINE#         163
  C:0ED6H         LINE#         164
  C:0ED9H         LINE#         165
  C:0EF0H         LINE#         166
  C:0F0DH         LINE#         167
  C:0F2FH         LINE#         168
  C:0F45H         LINE#         169
  C:0F45H         LINE#         170
  C:0F48H         LINE#         171
  C:0F5DH         LINE#         172
  C:0F66H         LINE#         173
  C:0F69H         LINE#         174
  C:0F6CH         LINE#         175
  C:0F6EH         LINE#         176
  C:0F73H         LINE#         177
  C:0F73H         LINE#         178
  C:0F76H         LINE#         179
  C:0F79H         LINE#         180
  C:0F7CH         LINE#         181
  C:0F7FH         LINE#         182
  C:0F94H         LINE#         183
  C:0F9DH         LINE#         184
  C:0FA0H         LINE#         185
  C:0FA3H         LINE#         186
  C:0FA5H         LINE#         187
BL51 BANKED LINKER/LOCATER V6.22.4.0                                                  11/10/2025  17:35:04  PAGE 13


  C:0FA8H         LINE#         188
  C:0FA8H         LINE#         189
  C:0FABH         LINE#         190
  C:0FC7H         LINE#         192
  C:0FCAH         LINE#         193
  C:0FCAH         LINE#         196
  C:0FD5H         LINE#         197
  C:0FD5H         LINE#         198
  C:0FD9H         LINE#         199
  C:0FDBH         LINE#         200
  C:0FDDH         LINE#         201
  C:0FDFH         LINE#         202
  C:0FE1H         LINE#         203
  C:1013H         LINE#         204
  C:1046H         LINE#         206
  C:1061H         LINE#         207
  C:1061H         LINE#         208
  C:106AH         LINE#         209
  C:106DH         LINE#         210
  C:1084H         LINE#         211
  C:10A1H         LINE#         212
  C:10C3H         LINE#         213
  C:10D9H         LINE#         214
  C:10D9H         LINE#         215
  C:10DCH         LINE#         216
  C:10F1H         LINE#         217
  C:10FAH         LINE#         218
  C:10FDH         LINE#         219
  C:1100H         LINE#         220
  C:1102H         LINE#         221
  C:1107H         LINE#         222
  C:1107H         LINE#         223
  C:110AH         LINE#         224
  C:110DH         LINE#         225
  C:1110H         LINE#         226
  C:1113H         LINE#         227
  C:1128H         LINE#         228
  C:1131H         LINE#         229
  C:1134H         LINE#         230
  C:1137H         LINE#         231
  C:1139H         LINE#         232
  C:113CH         LINE#         233
  C:113CH         LINE#         234
  C:113FH         LINE#         235
  C:115BH         LINE#         237
  C:115EH         LINE#         238
  C:115EH         LINE#         240
  C:1160H         LINE#         241
  -------         ENDPROC       _UART_CONFIGURATION
  -------         PROC          _TX1_WRITE2BUFF
  D:0007H         SYMBOL        dat
  C:3686H         LINE#         247
  C:3686H         LINE#         248
  C:3686H         LINE#         260
  C:3688H         LINE#         261
  C:368EH         LINE#         262
  C:3694H         LINE#         264
BL51 BANKED LINKER/LOCATER V6.22.4.0                                                  11/10/2025  17:35:04  PAGE 14


  -------         ENDPROC       _TX1_WRITE2BUFF
  -------         PROC          _PRINTSTRING1
  D:0001H         SYMBOL        puts
  C:000EH         LINE#         266
  C:000EH         LINE#         267
  C:000EH         LINE#         268
  C:0020H         LINE#         269
  -------         ENDPROC       _PRINTSTRING1
  -------         PROC          _TX2_WRITE2BUFF
  D:0007H         SYMBOL        dat
  C:3695H         LINE#         275
  C:3695H         LINE#         276
  C:3695H         LINE#         288
  C:3697H         LINE#         289
  C:369DH         LINE#         290
  C:36A3H         LINE#         292
  -------         ENDPROC       _TX2_WRITE2BUFF
  -------         PROC          _PRINTSTRING2
  D:0001H         SYMBOL        puts
  C:002EH         LINE#         294
  C:002EH         LINE#         295
  C:002EH         LINE#         296
  C:0040H         LINE#         297
  -------         ENDPROC       _PRINTSTRING2
  -------         PROC          _TX3_WRITE2BUFF
  D:0007H         SYMBOL        dat
  C:36A4H         LINE#         303
  C:36A4H         LINE#         304
  C:36A4H         LINE#         316
  C:36A6H         LINE#         317
  C:36ACH         LINE#         318
  C:36B2H         LINE#         320
  -------         ENDPROC       _TX3_WRITE2BUFF
  -------         PROC          _PRINTSTRING3
  D:0001H         SYMBOL        puts
  C:362EH         LINE#         322
  C:362EH         LINE#         323
  C:362EH         LINE#         324
  C:3640H         LINE#         325
  -------         ENDPROC       _PRINTSTRING3
  -------         PROC          _TX4_WRITE2BUFF
  D:0007H         SYMBOL        dat
  C:36B3H         LINE#         331
  C:36B3H         LINE#         332
  C:36B3H         LINE#         344
  C:36B5H         LINE#         345
  C:36BBH         LINE#         346
  C:36C1H         LINE#         348
  -------         ENDPROC       _TX4_WRITE2BUFF
  -------         PROC          _PRINTSTRING4
  D:0001H         SYMBOL        puts
  C:3641H         LINE#         350
  C:3641H         LINE#         351
  C:3641H         LINE#         352
  C:3653H         LINE#         353
  -------         ENDPROC       _PRINTSTRING4
  -------         PROC          _PUTCHAR
BL51 BANKED LINKER/LOCATER V6.22.4.0                                                  11/10/2025  17:35:04  PAGE 15


  D:0006H         SYMBOL        c
  C:0026H         LINE#         376
  C:0028H         LINE#         377
  C:0028H         LINE#         378
  -------         ENDPROC       _PUTCHAR
  -------         ENDMOD        UART

  -------         MODULE        UART_ISR
  C:0000H         SYMBOL        _ICE_DUMMY_
  D:0080H         PUBLIC        P0
  D:0090H         PUBLIC        P1
  D:00A0H         PUBLIC        P2
  D:00B0H         PUBLIC        P3
  D:00C0H         PUBLIC        P4
  D:00C8H         PUBLIC        P5
  D:00E8H         PUBLIC        P6
  D:00F8H         PUBLIC        P7
  D:00A8H         PUBLIC        IE
  D:00B8H         PUBLIC        IP
  B:0098H.0       PUBLIC        RI
  B:0098H.1       PUBLIC        TI
  D:0099H         PUBLIC        SBUF
  D:0098H         PUBLIC        SCON
  D:0088H         PUBLIC        TCON
  C:2C94H         PUBLIC        UART1_ISR_Handler
  C:2B4DH         PUBLIC        UART2_ISR_Handler
  C:2B9FH         PUBLIC        UART3_ISR_Handler
  D:009BH         PUBLIC        S2BUF
  C:2BF1H         PUBLIC        UART4_ISR_Handler
  D:00ADH         PUBLIC        S3BUF
  D:0085H         PUBLIC        S4BUF
  D:009AH         PUBLIC        S2CON
  D:00ACH         PUBLIC        S3CON
  D:0084H         PUBLIC        S4CON
  D:00D0H         PUBLIC        PSW
  -------         PROC          UART1_ISR_HANDLER
  C:2C94H         LINE#         23
  C:2CA1H         LINE#         25
  C:2CA4H         LINE#         26
  C:2CA4H         LINE#         27
  C:2CA6H         LINE#         29
  C:2CB1H         LINE#         30
  C:2CC5H         LINE#         31
  C:2CCBH         LINE#         32
  C:2CCBH         LINE#         34
  C:2CCEH         LINE#         35
  C:2CCEH         LINE#         36
  C:2CD0H         LINE#         46
  C:2CD5H         LINE#         48
  C:2CD5H         LINE#         49
  -------         ENDPROC       UART1_ISR_HANDLER
  -------         PROC          UART2_ISR_HANDLER
  C:2B4DH         LINE#         60
  C:2B5AH         LINE#         62
  C:2B5FH         LINE#         63
  C:2B5FH         LINE#         64
  C:2B62H         LINE#         67
BL51 BANKED LINKER/LOCATER V6.22.4.0                                                  11/10/2025  17:35:04  PAGE 16


  C:2B6DH         LINE#         68
  C:2B81H         LINE#         69
  C:2B87H         LINE#         70
  C:2B87H         LINE#         72
  C:2B8CH         LINE#         73
  C:2B8CH         LINE#         74
  C:2B8FH         LINE#         84
  C:2B94H         LINE#         86
  C:2B94H         LINE#         87
  -------         ENDPROC       UART2_ISR_HANDLER
  -------         PROC          UART3_ISR_HANDLER
  C:2B9FH         LINE#         98
  C:2BACH         LINE#         100
  C:2BB1H         LINE#         101
  C:2BB1H         LINE#         102
  C:2BB4H         LINE#         104
  C:2BBFH         LINE#         105
  C:2BD3H         LINE#         106
  C:2BD9H         LINE#         107
  C:2BD9H         LINE#         109
  C:2BDEH         LINE#         110
  C:2BDEH         LINE#         111
  C:2BE1H         LINE#         121
  C:2BE6H         LINE#         123
  C:2BE6H         LINE#         124
  -------         ENDPROC       UART3_ISR_HANDLER
  -------         PROC          UART4_ISR_HANDLER
  C:2BF1H         LINE#         135
  C:2BFEH         LINE#         137
  C:2C03H         LINE#         138
  C:2C03H         LINE#         139
  C:2C06H         LINE#         141
  C:2C11H         LINE#         142
  C:2C25H         LINE#         143
  C:2C2BH         LINE#         144
  C:2C2BH         LINE#         146
  C:2C30H         LINE#         147
  C:2C30H         LINE#         148
  C:2C33H         LINE#         158
  C:2C38H         LINE#         160
  C:2C38H         LINE#         161
  -------         ENDPROC       UART4_ISR_HANDLER
  -------         ENDMOD        UART_ISR

  -------         MODULE        GPIO
  C:0000H         SYMBOL        _ICE_DUMMY_
  D:0093H         PUBLIC        P0M1
  D:0092H         PUBLIC        P1M0
  D:0096H         PUBLIC        P2M0
  D:0091H         PUBLIC        P1M1
  D:0080H         PUBLIC        P0
  D:00B2H         PUBLIC        P3M0
  D:0095H         PUBLIC        P2M1
  D:0090H         PUBLIC        P1
  D:00B4H         PUBLIC        P4M0
  D:00B1H         PUBLIC        P3M1
  D:00A0H         PUBLIC        P2
BL51 BANKED LINKER/LOCATER V6.22.4.0                                                  11/10/2025  17:35:04  PAGE 17


  D:00CAH         PUBLIC        P5M0
  D:00B3H         PUBLIC        P4M1
  D:00B0H         PUBLIC        P3
  D:00CCH         PUBLIC        P6M0
  D:00C9H         PUBLIC        P5M1
  D:00C0H         PUBLIC        P4
  D:00E2H         PUBLIC        P7M0
  D:00CBH         PUBLIC        P6M1
  D:00C8H         PUBLIC        P5
  D:00E8H         PUBLIC        P6
  D:00E1H         PUBLIC        P7M1
  D:00F8H         PUBLIC        P7
  D:00A8H         PUBLIC        IE
  D:00B8H         PUBLIC        IP
  D:0098H         PUBLIC        SCON
  D:0088H         PUBLIC        TCON
  C:1CD9H         PUBLIC        _GPIO_Inilize
  D:00D0H         PUBLIC        PSW
  D:0094H         PUBLIC        P0M0
  -------         PROC          _GPIO_INILIZE
  D:0007H         SYMBOL        GPIO
  D:0001H         SYMBOL        GPIOx
  C:1CD9H         LINE#         22
  C:1CD9H         LINE#         23
  C:1CD9H         LINE#         24
  C:1CE2H         LINE#         25
  C:1CEEH         LINE#         26
  C:1CF1H         LINE#         27
  C:1CF1H         LINE#         28
  C:1CFFH         LINE#         29
  C:1D10H         LINE#         30
  C:1D21H         LINE#         31
  C:1D32H         LINE#         32
  C:1D32H         LINE#         33
  C:1D37H         LINE#         34
  C:1D37H         LINE#         35
  C:1D48H         LINE#         36
  C:1D57H         LINE#         37
  C:1D67H         LINE#         38
  C:1D7AH         LINE#         39
  C:1D7AH         LINE#         40
  C:1D7FH         LINE#         41
  C:1D7FH         LINE#         42
  C:1D90H         LINE#         43
  C:1D9FH         LINE#         44
  C:1DAFH         LINE#         45
  C:1DC2H         LINE#         46
  C:1DC2H         LINE#         47
  C:1DC7H         LINE#         48
  C:1DC7H         LINE#         49
  C:1DD8H         LINE#         50
  C:1DE7H         LINE#         51
  C:1DF7H         LINE#         52
  C:1E0AH         LINE#         53
  C:1E0AH         LINE#         54
  C:1E0FH         LINE#         55
  C:1E0FH         LINE#         56
BL51 BANKED LINKER/LOCATER V6.22.4.0                                                  11/10/2025  17:35:04  PAGE 18


  C:1E20H         LINE#         57
  C:1E2FH         LINE#         58
  C:1E3FH         LINE#         59
  C:1E52H         LINE#         60
  C:1E52H         LINE#         61
  C:1E57H         LINE#         62
  C:1E57H         LINE#         63
  C:1E68H         LINE#         64
  C:1E77H         LINE#         65
  C:1E87H         LINE#         66
  C:1E9AH         LINE#         67
  C:1E9AH         LINE#         68
  C:1E9FH         LINE#         69
  C:1E9FH         LINE#         70
  C:1EB0H         LINE#         71
  C:1EBFH         LINE#         72
  C:1ECFH         LINE#         73
  C:1EE2H         LINE#         74
  C:1EE2H         LINE#         75
  C:1EE7H         LINE#         76
  C:1EE7H         LINE#         77
  C:1EF8H         LINE#         78
  C:1F07H         LINE#         79
  C:1F17H         LINE#         80
  C:1F2AH         LINE#         81
  C:1F2AH         LINE#         82
  C:1F2CH         LINE#         83
  -------         ENDPROC       _GPIO_INILIZE
  -------         ENDMOD        GPIO

  -------         MODULE        DELAY
  C:0000H         SYMBOL        _ICE_DUMMY_
  D:0080H         PUBLIC        P0
  D:0090H         PUBLIC        P1
  D:00A0H         PUBLIC        P2
  D:00B0H         PUBLIC        P3
  D:00C0H         PUBLIC        P4
  D:00C8H         PUBLIC        P5
  D:00E8H         PUBLIC        P6
  D:00F8H         PUBLIC        P7
  D:00A8H         PUBLIC        IE
  D:00B8H         PUBLIC        IP
  D:0098H         PUBLIC        SCON
  D:0088H         PUBLIC        TCON
  C:3666H         PUBLIC        _delay_ms
  D:00D0H         PUBLIC        PSW
  -------         PROC          _DELAY_MS
  D:0007H         SYMBOL        ms
  -------         DO            
  D:0004H         SYMBOL        i
  -------         ENDDO         
  C:3666H         LINE#         24
  C:3666H         LINE#         25
  C:3666H         LINE#         27
  C:3666H         LINE#         28
  C:366AH         LINE#         29
  C:3673H         LINE#         30
BL51 BANKED LINKER/LOCATER V6.22.4.0                                                  11/10/2025  17:35:04  PAGE 19


  C:3675H         LINE#         31
  -------         ENDPROC       _DELAY_MS
  -------         ENDMOD        DELAY

  -------         MODULE        NVIC
  C:0000H         SYMBOL        _ICE_DUMMY_
  D:0080H         PUBLIC        P0
  D:0090H         PUBLIC        P1
  D:00A0H         PUBLIC        P2
  D:00B0H         PUBLIC        P3
  D:00C0H         PUBLIC        P4
  C:308EH         PUBLIC        _NVIC_DMA_ADC_Init
  D:00C8H         PUBLIC        P5
  D:00E8H         PUBLIC        P6
  D:00F8H         PUBLIC        P7
  C:30C6H         PUBLIC        _NVIC_DMA_M2M_Init
  B:00A8H.5       PUBLIC        EADC
  D:00A8H         PUBLIC        IE
  D:00B6H         PUBLIC        IP2H
  D:00EEH         PUBLIC        IP3H
  D:008FH         PUBLIC        INTCLKO
  B:00A8H.4       PUBLIC        ES
  C:32F6H         PUBLIC        _NVIC_DMA_LCM_Init
  B:00B8H.5       PUBLIC        PADC
  D:00B8H         PUBLIC        IP
  B:00B8H.4       PUBLIC        PS
  C:2F12H         PUBLIC        _NVIC_INT0_Init
  C:2F53H         PUBLIC        _NVIC_INT1_Init
  C:35D4H         PUBLIC        _NVIC_INT2_Init
  C:35BBH         PUBLIC        _NVIC_INT3_Init
  D:00E6H         PUBLIC        CMPCR1
  C:30FEH         PUBLIC        _NVIC_DMA_SPI_Init
  C:35A1H         PUBLIC        _NVIC_INT4_Init
  D:0098H         PUBLIC        SCON
  D:0088H         PUBLIC        TCON
  C:2E90H         PUBLIC        _NVIC_Timer0_Init
  C:2ED1H         PUBLIC        _NVIC_Timer1_Init
  C:3489H         PUBLIC        _NVIC_Timer2_Init
  C:34ABH         PUBLIC        _NVIC_Timer3_Init
  D:00AFH         PUBLIC        IE2
  C:3444H         PUBLIC        _NVIC_Timer4_Init
  C:29F2H         PUBLIC        _NVIC_I2C_Init
  B:00A8H.1       PUBLIC        ET0
  B:00A8H.3       PUBLIC        ET1
  D:00B5H         PUBLIC        IP2
  D:00DFH         PUBLIC        IP3
  B:00A8H.0       PUBLIC        EX0
  B:00A8H.2       PUBLIC        EX1
  C:2F94H         PUBLIC        _NVIC_ADC_Init
  B:00B8H.1       PUBLIC        PT0
  B:00B8H.3       PUBLIC        PT1
  C:316EH         PUBLIC        _NVIC_DMA_UART1_Rx_Init
  C:31DEH         PUBLIC        _NVIC_DMA_UART2_Rx_Init
  C:324EH         PUBLIC        _NVIC_DMA_UART3_Rx_Init
  C:3136H         PUBLIC        _NVIC_DMA_UART1_Tx_Init
  B:00B8H.0       PUBLIC        PX0
  C:32BEH         PUBLIC        _NVIC_DMA_UART4_Rx_Init
BL51 BANKED LINKER/LOCATER V6.22.4.0                                                  11/10/2025  17:35:04  PAGE 20


  C:31A6H         PUBLIC        _NVIC_DMA_UART2_Tx_Init
  B:00B8H.2       PUBLIC        PX1
  C:3216H         PUBLIC        _NVIC_DMA_UART3_Tx_Init
  C:3286H         PUBLIC        _NVIC_DMA_UART4_Tx_Init
  D:00B7H         PUBLIC        IPH
  C:33C6H         PUBLIC        _NVIC_LCM_Init
  C:2CE0H         PUBLIC        _NVIC_CMP_Init
  C:3054H         PUBLIC        _NVIC_RTC_Init
  C:2E06H         PUBLIC        _NVIC_SPI_Init
  C:2FD5H         PUBLIC        _NVIC_UART1_Init
  C:2E4DH         PUBLIC        _NVIC_UART2_Init
  C:2D2BH         PUBLIC        _NVIC_UART3_Init
  C:2DBEH         PUBLIC        _NVIC_UART4_Init
  D:00D0H         PUBLIC        PSW
  C:27A8H         PUBLIC        _NVIC_PWM_Init
  -------         PROC          _NVIC_TIMER0_INIT
  D:0007H         SYMBOL        State
  D:0005H         SYMBOL        Priority
  C:2E90H         LINE#         23
  C:2E90H         LINE#         24
  C:2E90H         LINE#         25
  C:2E99H         LINE#         26
  C:2EA2H         LINE#         27
  C:2EABH         LINE#         28
  C:2ECEH         LINE#         29
  C:2ED0H         LINE#         30
  -------         ENDPROC       _NVIC_TIMER0_INIT
  -------         PROC          _NVIC_TIMER1_INIT
  D:0007H         SYMBOL        State
  D:0005H         SYMBOL        Priority
  C:2ED1H         LINE#         40
  C:2ED1H         LINE#         41
  C:2ED1H         LINE#         42
  C:2EDAH         LINE#         43
  C:2EE3H         LINE#         44
  C:2EECH         LINE#         45
  C:2F0FH         LINE#         46
  C:2F11H         LINE#         47
  -------         ENDPROC       _NVIC_TIMER1_INIT
  -------         PROC          _NVIC_TIMER2_INIT
  D:0007H         SYMBOL        State
  D:0005H         SYMBOL        Priority
  C:3489H         LINE#         57
  C:3489H         LINE#         58
  C:3489H         LINE#         59
  C:3492H         LINE#         60
  C:349BH         LINE#         61
  C:34A8H         LINE#         62
  C:34A9H         LINE#         63
  C:34AAH         LINE#         64
  -------         ENDPROC       _NVIC_TIMER2_INIT
  -------         PROC          _NVIC_TIMER3_INIT
  D:0007H         SYMBOL        State
  D:0005H         SYMBOL        Priority
  C:34ABH         LINE#         74
  C:34ABH         LINE#         75
  C:34ABH         LINE#         76
BL51 BANKED LINKER/LOCATER V6.22.4.0                                                  11/10/2025  17:35:04  PAGE 21


  C:34B4H         LINE#         77
  C:34BDH         LINE#         78
  C:34CAH         LINE#         79
  C:34CBH         LINE#         80
  C:34CCH         LINE#         81
  -------         ENDPROC       _NVIC_TIMER3_INIT
  -------         PROC          _NVIC_TIMER4_INIT
  D:0007H         SYMBOL        State
  D:0005H         SYMBOL        Priority
  C:3444H         LINE#         91
  C:3444H         LINE#         92
  C:3444H         LINE#         93
  C:344DH         LINE#         94
  C:3456H         LINE#         95
  C:3464H         LINE#         96
  C:3465H         LINE#         97
  C:3466H         LINE#         98
  -------         ENDPROC       _NVIC_TIMER4_INIT
  -------         PROC          _NVIC_INT0_INIT
  D:0007H         SYMBOL        State
  D:0005H         SYMBOL        Priority
  C:2F12H         LINE#         108
  C:2F12H         LINE#         109
  C:2F12H         LINE#         110
  C:2F1BH         LINE#         111
  C:2F24H         LINE#         112
  C:2F2DH         LINE#         113
  C:2F50H         LINE#         114
  C:2F52H         LINE#         115
  -------         ENDPROC       _NVIC_INT0_INIT
  -------         PROC          _NVIC_INT1_INIT
  D:0007H         SYMBOL        State
  D:0005H         SYMBOL        Priority
  C:2F53H         LINE#         125
  C:2F53H         LINE#         126
  C:2F53H         LINE#         127
  C:2F5CH         LINE#         128
  C:2F65H         LINE#         129
  C:2F6EH         LINE#         130
  C:2F91H         LINE#         131
  C:2F93H         LINE#         132
  -------         ENDPROC       _NVIC_INT1_INIT
  -------         PROC          _NVIC_INT2_INIT
  D:0007H         SYMBOL        State
  D:0005H         SYMBOL        Priority
  C:35D4H         LINE#         142
  C:35D4H         LINE#         143
  C:35D4H         LINE#         144
  C:35DDH         LINE#         145
  C:35E9H         LINE#         146
  C:35EAH         LINE#         147
  C:35EBH         LINE#         148
  -------         ENDPROC       _NVIC_INT2_INIT
  -------         PROC          _NVIC_INT3_INIT
  D:0007H         SYMBOL        State
  D:0005H         SYMBOL        Priority
  C:35BBH         LINE#         158
BL51 BANKED LINKER/LOCATER V6.22.4.0                                                  11/10/2025  17:35:04  PAGE 22


  C:35BBH         LINE#         159
  C:35BBH         LINE#         160
  C:35C4H         LINE#         161
  C:35D1H         LINE#         162
  C:35D2H         LINE#         163
  C:35D3H         LINE#         164
  -------         ENDPROC       _NVIC_INT3_INIT
  -------         PROC          _NVIC_INT4_INIT
  D:0007H         SYMBOL        State
  D:0005H         SYMBOL        Priority
  C:35A1H         LINE#         174
  C:35A1H         LINE#         175
  C:35A1H         LINE#         176
  C:35AAH         LINE#         177
  C:35B8H         LINE#         178
  C:35B9H         LINE#         179
  C:35BAH         LINE#         180
  -------         ENDPROC       _NVIC_INT4_INIT
  -------         PROC          _NVIC_ADC_INIT
  D:0007H         SYMBOL        State
  D:0005H         SYMBOL        Priority
  C:2F94H         LINE#         190
  C:2F94H         LINE#         191
  C:2F94H         LINE#         192
  C:2F9DH         LINE#         193
  C:2FA6H         LINE#         194
  C:2FAFH         LINE#         195
  C:2FD2H         LINE#         196
  C:2FD4H         LINE#         197
  -------         ENDPROC       _NVIC_ADC_INIT
  -------         PROC          _NVIC_CMP_INIT
  D:0007H         SYMBOL        State
  D:0005H         SYMBOL        Priority
  C:2CE0H         LINE#         207
  C:2CE0H         LINE#         208
  C:2CE0H         LINE#         209
  C:2CE9H         LINE#         210
  C:2CF2H         LINE#         211
  C:2CF5H         LINE#         212
  C:2CFEH         LINE#         213
  C:2D01H         LINE#         214
  C:2D28H         LINE#         215
  C:2D2AH         LINE#         216
  -------         ENDPROC       _NVIC_CMP_INIT
  -------         PROC          _NVIC_I2C_INIT
  D:0007H         SYMBOL        Mode
  D:0005H         SYMBOL        State
  D:0003H         SYMBOL        Priority
  C:29F2H         LINE#         228
  C:29F2H         LINE#         229
  C:29F2H         LINE#         230
  C:29FBH         LINE#         231
  C:2A04H         LINE#         232
  C:2A08H         LINE#         233
  C:2A08H         LINE#         234
  C:2A18H         LINE#         235
  C:2A1AH         LINE#         236
BL51 BANKED LINKER/LOCATER V6.22.4.0                                                  11/10/2025  17:35:04  PAGE 23


  C:2A1DH         LINE#         237
  C:2A1DH         LINE#         238
  C:2A25H         LINE#         239
  C:2A25H         LINE#         240
  C:2A4CH         LINE#         241
  C:2A4EH         LINE#         242
  -------         ENDPROC       _NVIC_I2C_INIT
  -------         PROC          _NVIC_UART1_INIT
  D:0007H         SYMBOL        State
  D:0005H         SYMBOL        Priority
  C:2FD5H         LINE#         252
  C:2FD5H         LINE#         253
  C:2FD5H         LINE#         254
  C:2FDEH         LINE#         255
  C:2FE7H         LINE#         256
  C:2FF0H         LINE#         257
  C:3013H         LINE#         258
  C:3015H         LINE#         259
  -------         ENDPROC       _NVIC_UART1_INIT
  -------         PROC          _NVIC_UART2_INIT
  D:0007H         SYMBOL        State
  D:0005H         SYMBOL        Priority
  C:2E4DH         LINE#         269
  C:2E4DH         LINE#         270
  C:2E4DH         LINE#         271
  C:2E56H         LINE#         272
  C:2E5FH         LINE#         273
  C:2E66H         LINE#         274
  C:2E8DH         LINE#         275
  C:2E8FH         LINE#         276
  -------         ENDPROC       _NVIC_UART2_INIT
  -------         PROC          _NVIC_UART3_INIT
  D:0007H         SYMBOL        State
  D:0005H         SYMBOL        Priority
  C:2D2BH         LINE#         286
  C:2D2BH         LINE#         287
  C:2D2BH         LINE#         288
  C:2D34H         LINE#         289
  C:2D3DH         LINE#         290
  C:2D4BH         LINE#         291
  C:2D72H         LINE#         292
  C:2D74H         LINE#         293
  -------         ENDPROC       _NVIC_UART3_INIT
  -------         PROC          _NVIC_UART4_INIT
  D:0007H         SYMBOL        State
  D:0005H         SYMBOL        Priority
  C:2DBEH         LINE#         303
  C:2DBEH         LINE#         304
  C:2DBEH         LINE#         305
  C:2DC7H         LINE#         306
  C:2DD0H         LINE#         307
  C:2DDCH         LINE#         308
  C:2E03H         LINE#         309
  C:2E05H         LINE#         310
  -------         ENDPROC       _NVIC_UART4_INIT
  -------         PROC          _NVIC_SPI_INIT
  D:0007H         SYMBOL        State
BL51 BANKED LINKER/LOCATER V6.22.4.0                                                  11/10/2025  17:35:04  PAGE 24


  D:0005H         SYMBOL        Priority
  C:2E06H         LINE#         320
  C:2E06H         LINE#         321
  C:2E06H         LINE#         322
  C:2E0FH         LINE#         323
  C:2E18H         LINE#         324
  C:2E23H         LINE#         325
  C:2E4AH         LINE#         326
  C:2E4CH         LINE#         327
  -------         ENDPROC       _NVIC_SPI_INIT
  -------         PROC          _NVIC_PWM_INIT
  D:0007H         SYMBOL        Channel
  D:0005H         SYMBOL        State
  D:0003H         SYMBOL        Priority
  C:27A8H         LINE#         338
  C:27A8H         LINE#         339
  C:27A8H         LINE#         340
  C:27B1H         LINE#         341
  C:27BAH         LINE#         342
  C:27C2H         LINE#         343
  C:27C2H         LINE#         344
  C:27C2H         LINE#         345
  C:27C7H         LINE#         346
  C:27EFH         LINE#         347
  C:27F1H         LINE#         349
  C:27F1H         LINE#         350
  C:27F6H         LINE#         351
  C:281DH         LINE#         352
  C:281FH         LINE#         354
  C:281FH         LINE#         355
  C:2824H         LINE#         356
  C:2824H         LINE#         357
  C:2824H         LINE#         358
  C:2824H         LINE#         359
  C:2826H         LINE#         360
  -------         ENDPROC       _NVIC_PWM_INIT
  -------         PROC          _NVIC_RTC_INIT
  D:0007H         SYMBOL        State
  D:0005H         SYMBOL        Priority
  C:3054H         LINE#         370
  C:3054H         LINE#         371
  C:3054H         LINE#         372
  C:3086H         LINE#         373
  C:308BH         LINE#         374
  C:308DH         LINE#         375
  -------         ENDPROC       _NVIC_RTC_INIT
  -------         PROC          _NVIC_DMA_ADC_INIT
  D:0007H         SYMBOL        State
  D:0005H         SYMBOL        Priority
  D:0003H         SYMBOL        Bus_Priority
  C:308EH         LINE#         386
  C:308EH         LINE#         387
  C:308EH         LINE#         388
  C:3095H         LINE#         389
  C:30A6H         LINE#         390
  C:30B2H         LINE#         391
  C:30B9H         LINE#         392
BL51 BANKED LINKER/LOCATER V6.22.4.0                                                  11/10/2025  17:35:04  PAGE 25


  C:30BFH         LINE#         394
  C:30C3H         LINE#         395
  C:30C5H         LINE#         396
  -------         ENDPROC       _NVIC_DMA_ADC_INIT
  -------         PROC          _NVIC_DMA_M2M_INIT
  D:0007H         SYMBOL        State
  D:0005H         SYMBOL        Priority
  D:0003H         SYMBOL        Bus_Priority
  C:30C6H         LINE#         407
  C:30C6H         LINE#         408
  C:30C6H         LINE#         409
  C:30CDH         LINE#         410
  C:30DEH         LINE#         411
  C:30EAH         LINE#         412
  C:30F1H         LINE#         413
  C:30F7H         LINE#         415
  C:30FBH         LINE#         416
  C:30FDH         LINE#         417
  -------         ENDPROC       _NVIC_DMA_M2M_INIT
  -------         PROC          _NVIC_DMA_SPI_INIT
  D:0007H         SYMBOL        State
  D:0005H         SYMBOL        Priority
  D:0003H         SYMBOL        Bus_Priority
  C:30FEH         LINE#         428
  C:30FEH         LINE#         429
  C:30FEH         LINE#         430
  C:3105H         LINE#         431
  C:3116H         LINE#         432
  C:3122H         LINE#         433
  C:3129H         LINE#         434
  C:312FH         LINE#         436
  C:3133H         LINE#         437
  C:3135H         LINE#         438
  -------         ENDPROC       _NVIC_DMA_SPI_INIT
  -------         PROC          _NVIC_DMA_UART1_TX_INIT
  D:0007H         SYMBOL        State
  D:0005H         SYMBOL        Priority
  D:0003H         SYMBOL        Bus_Priority
  C:3136H         LINE#         449
  C:3136H         LINE#         450
  C:3136H         LINE#         451
  C:313DH         LINE#         452
  C:314EH         LINE#         453
  C:315AH         LINE#         454
  C:3161H         LINE#         455
  C:3167H         LINE#         457
  C:316BH         LINE#         458
  C:316DH         LINE#         459
  -------         ENDPROC       _NVIC_DMA_UART1_TX_INIT
  -------         PROC          _NVIC_DMA_UART1_RX_INIT
  D:0007H         SYMBOL        State
  D:0005H         SYMBOL        Priority
  D:0003H         SYMBOL        Bus_Priority
  C:316EH         LINE#         470
  C:316EH         LINE#         471
  C:316EH         LINE#         472
  C:3175H         LINE#         473
BL51 BANKED LINKER/LOCATER V6.22.4.0                                                  11/10/2025  17:35:04  PAGE 26


  C:3186H         LINE#         474
  C:3192H         LINE#         475
  C:3199H         LINE#         476
  C:319FH         LINE#         478
  C:31A3H         LINE#         479
  C:31A5H         LINE#         480
  -------         ENDPROC       _NVIC_DMA_UART1_RX_INIT
  -------         PROC          _NVIC_DMA_UART2_TX_INIT
  D:0007H         SYMBOL        State
  D:0005H         SYMBOL        Priority
  D:0003H         SYMBOL        Bus_Priority
  C:31A6H         LINE#         491
  C:31A6H         LINE#         492
  C:31A6H         LINE#         493
  C:31ADH         LINE#         494
  C:31BEH         LINE#         495
  C:31CAH         LINE#         496
  C:31D1H         LINE#         497
  C:31D7H         LINE#         499
  C:31DBH         LINE#         500
  C:31DDH         LINE#         501
  -------         ENDPROC       _NVIC_DMA_UART2_TX_INIT
  -------         PROC          _NVIC_DMA_UART2_RX_INIT
  D:0007H         SYMBOL        State
  D:0005H         SYMBOL        Priority
  D:0003H         SYMBOL        Bus_Priority
  C:31DEH         LINE#         512
  C:31DEH         LINE#         513
  C:31DEH         LINE#         514
  C:31E5H         LINE#         515
  C:31F6H         LINE#         516
  C:3202H         LINE#         517
  C:3209H         LINE#         518
  C:320FH         LINE#         520
  C:3213H         LINE#         521
  C:3215H         LINE#         522
  -------         ENDPROC       _NVIC_DMA_UART2_RX_INIT
  -------         PROC          _NVIC_DMA_UART3_TX_INIT
  D:0007H         SYMBOL        State
  D:0005H         SYMBOL        Priority
  D:0003H         SYMBOL        Bus_Priority
  C:3216H         LINE#         533
  C:3216H         LINE#         534
  C:3216H         LINE#         535
  C:321DH         LINE#         536
  C:322EH         LINE#         537
  C:323AH         LINE#         538
  C:3241H         LINE#         539
  C:3247H         LINE#         541
  C:324BH         LINE#         542
  C:324DH         LINE#         543
  -------         ENDPROC       _NVIC_DMA_UART3_TX_INIT
  -------         PROC          _NVIC_DMA_UART3_RX_INIT
  D:0007H         SYMBOL        State
  D:0005H         SYMBOL        Priority
  D:0003H         SYMBOL        Bus_Priority
  C:324EH         LINE#         554
BL51 BANKED LINKER/LOCATER V6.22.4.0                                                  11/10/2025  17:35:04  PAGE 27


  C:324EH         LINE#         555
  C:324EH         LINE#         556
  C:3255H         LINE#         557
  C:3266H         LINE#         558
  C:3272H         LINE#         559
  C:3279H         LINE#         560
  C:327FH         LINE#         562
  C:3283H         LINE#         563
  C:3285H         LINE#         564
  -------         ENDPROC       _NVIC_DMA_UART3_RX_INIT
  -------         PROC          _NVIC_DMA_UART4_TX_INIT
  D:0007H         SYMBOL        State
  D:0005H         SYMBOL        Priority
  D:0003H         SYMBOL        Bus_Priority
  C:3286H         LINE#         575
  C:3286H         LINE#         576
  C:3286H         LINE#         577
  C:328DH         LINE#         578
  C:329EH         LINE#         579
  C:32AAH         LINE#         580
  C:32B1H         LINE#         581
  C:32B7H         LINE#         583
  C:32BBH         LINE#         584
  C:32BDH         LINE#         585
  -------         ENDPROC       _NVIC_DMA_UART4_TX_INIT
  -------         PROC          _NVIC_DMA_UART4_RX_INIT
  D:0007H         SYMBOL        State
  D:0005H         SYMBOL        Priority
  D:0003H         SYMBOL        Bus_Priority
  C:32BEH         LINE#         596
  C:32BEH         LINE#         597
  C:32BEH         LINE#         598
  C:32C5H         LINE#         599
  C:32D6H         LINE#         600
  C:32E2H         LINE#         601
  C:32E9H         LINE#         602
  C:32EFH         LINE#         604
  C:32F3H         LINE#         605
  C:32F5H         LINE#         606
  -------         ENDPROC       _NVIC_DMA_UART4_RX_INIT
  -------         PROC          _NVIC_DMA_LCM_INIT
  D:0007H         SYMBOL        State
  D:0005H         SYMBOL        Priority
  D:0003H         SYMBOL        Bus_Priority
  C:32F6H         LINE#         617
  C:32F6H         LINE#         618
  C:32F6H         LINE#         619
  C:32FDH         LINE#         620
  C:330EH         LINE#         621
  C:331AH         LINE#         622
  C:3321H         LINE#         623
  C:3327H         LINE#         625
  C:332BH         LINE#         626
  C:332DH         LINE#         627
  -------         ENDPROC       _NVIC_DMA_LCM_INIT
  -------         PROC          _NVIC_LCM_INIT
  D:0007H         SYMBOL        State
BL51 BANKED LINKER/LOCATER V6.22.4.0                                                  11/10/2025  17:35:04  PAGE 28


  D:0005H         SYMBOL        Priority
  C:33C6H         LINE#         637
  C:33C6H         LINE#         638
  C:33C6H         LINE#         639
  C:33CDH         LINE#         640
  C:33DDH         LINE#         641
  C:33E4H         LINE#         642
  C:33EAH         LINE#         644
  C:33EEH         LINE#         645
  C:33F0H         LINE#         646
  -------         ENDPROC       _NVIC_LCM_INIT
  -------         ENDMOD        NVIC

  -------         MODULE        ADC
  C:0000H         SYMBOL        _ICE_DUMMY_
  D:0080H         PUBLIC        P0
  D:0090H         PUBLIC        P1
  C:2A4FH         PUBLIC        _ADC_Inilize
  D:00A0H         PUBLIC        P2
  D:00B0H         PUBLIC        P3
  D:00C0H         PUBLIC        P4
  D:00C8H         PUBLIC        P5
  D:00E8H         PUBLIC        P6
  D:00F8H         PUBLIC        P7
  D:00A8H         PUBLIC        IE
  D:00BDH         PUBLIC        ADC_RES
  D:00B8H         PUBLIC        IP
  D:00DEH         PUBLIC        ADCCFG
  C:36ECH         PUBLIC        _ADC_PowerControl
  D:00BCH         PUBLIC        ADC_CONTR
  D:0098H         PUBLIC        SCON
  D:0088H         PUBLIC        TCON
  C:2827H         PUBLIC        _Get_ADCResult
  D:00BEH         PUBLIC        ADC_RESL
  D:00D0H         PUBLIC        PSW
  -------         PROC          _ADC_INILIZE
  D:0001H         SYMBOL        ADCx
  C:2A4FH         LINE#         22
  C:2A4FH         LINE#         23
  C:2A4FH         LINE#         24
  C:2A5DH         LINE#         25
  C:2A6FH         LINE#         27
  C:2A78H         LINE#         28
  C:2A84H         LINE#         29
  C:2A90H         LINE#         31
  C:2AA3H         LINE#         32
  -------         ENDPROC       _ADC_INILIZE
  -------         PROC          _ADC_POWERCONTROL
  D:0007H         SYMBOL        pwr
  C:36ECH         LINE#         42
  C:36ECH         LINE#         43
  C:36ECH         LINE#         44
  C:36F4H         LINE#         45
  C:36F7H         LINE#         46
  -------         ENDPROC       _ADC_POWERCONTROL
  -------         PROC          _GET_ADCRESULT
  D:0007H         SYMBOL        channel
BL51 BANKED LINKER/LOCATER V6.22.4.0                                                  11/10/2025  17:35:04  PAGE 29


  -------         DO            
  X:03CFH         SYMBOL        adc
  D:0005H         SYMBOL        i
  -------         ENDDO         
  C:2827H         LINE#         55
  C:2827H         LINE#         56
  C:2827H         LINE#         60
  C:282FH         LINE#         61
  C:2832H         LINE#         62
  C:2834H         LINE#         64
  C:283DH         LINE#         65
  C:2847H         LINE#         67
  C:2849H         LINE#         68
  C:2849H         LINE#         69
  C:284EH         LINE#         70
  C:284EH         LINE#         71
  C:2851H         LINE#         72
  C:2858H         LINE#         73
  C:2858H         LINE#         74
  C:2863H         LINE#         75
  C:2865H         LINE#         77
  C:2865H         LINE#         79
  C:286DH         LINE#         80
  C:288CH         LINE#         85
  C:288CH         LINE#         86
  C:2895H         LINE#         87
  C:2895H         LINE#         88
  C:289AH         LINE#         89
  C:289EH         LINE#         90
  -------         ENDPROC       _GET_ADCRESULT
  -------         ENDMOD        ADC

  -------         MODULE        ADC_ISR
  C:0000H         SYMBOL        _ICE_DUMMY_
  D:0080H         PUBLIC        P0
  D:0090H         PUBLIC        P1
  D:00A0H         PUBLIC        P2
  D:00B0H         PUBLIC        P3
  D:00C0H         PUBLIC        P4
  D:00C8H         PUBLIC        P5
  D:00E8H         PUBLIC        P6
  D:00F8H         PUBLIC        P7
  D:00A8H         PUBLIC        IE
  D:00B8H         PUBLIC        IP
  D:00BCH         PUBLIC        ADC_CONTR
  D:0098H         PUBLIC        SCON
  D:0088H         PUBLIC        TCON
  C:008EH         PUBLIC        ADC_ISR_Handler
  D:00D0H         PUBLIC        PSW
  -------         PROC          ADC_ISR_HANDLER
  C:008EH         LINE#         22
  C:008EH         LINE#         24
  C:0091H         LINE#         28
  -------         ENDPROC       ADC_ISR_HANDLER
  -------         ENDMOD        ADC_ISR

  -------         MODULE        STC8H_PWM
BL51 BANKED LINKER/LOCATER V6.22.4.0                                                  11/10/2025  17:35:04  PAGE 30


  C:0000H         SYMBOL        _ICE_DUMMY_
  D:0080H         PUBLIC        P0
  D:0090H         PUBLIC        P1
  D:00A0H         PUBLIC        P2
  D:00B0H         PUBLIC        P3
  D:00C0H         PUBLIC        P4
  D:00C8H         PUBLIC        P5
  D:00E8H         PUBLIC        P6
  D:00F8H         PUBLIC        P7
  D:00A8H         PUBLIC        IE
  D:00B8H         PUBLIC        IP
  C:216CH         PUBLIC        _UpdatePwm
  D:0098H         PUBLIC        SCON
  D:0088H         PUBLIC        TCON
  C:15E4H         PUBLIC        _PWM_Configuration
  D:00D0H         PUBLIC        PSW
  -------         PROC          _PWM_CONFIGURATION
  D:0005H         SYMBOL        PWM
  D:0001H         SYMBOL        PWMx
  C:15E4H         LINE#         22
  C:15E6H         LINE#         23
  C:15E6H         LINE#         24
  C:15EBH         LINE#         25
  C:15EBH         LINE#         26
  C:15F2H         LINE#         27
  C:15F6H         LINE#         28
  C:15FDH         LINE#         29
  C:1609H         LINE#         31
  C:1616H         LINE#         32
  C:1616H         LINE#         33
  C:161AH         LINE#         34
  C:1621H         LINE#         35
  C:1623H         LINE#         37
  C:1623H         LINE#         38
  C:1627H         LINE#         39
  C:162EH         LINE#         40
  C:162EH         LINE#         41
  C:1635H         LINE#         42
  C:1635H         LINE#         43
  C:1639H         LINE#         44
  C:1640H         LINE#         45
  C:1642H         LINE#         47
  C:1642H         LINE#         48
  C:1646H         LINE#         49
  C:164DH         LINE#         50
  C:164DH         LINE#         52
  C:1662H         LINE#         54
  C:1665H         LINE#         55
  C:1665H         LINE#         57
  C:166AH         LINE#         58
  C:166AH         LINE#         59
  C:1671H         LINE#         60
  C:1675H         LINE#         61
  C:167CH         LINE#         62
  C:1688H         LINE#         64
  C:1695H         LINE#         65
  C:1695H         LINE#         66
BL51 BANKED LINKER/LOCATER V6.22.4.0                                                  11/10/2025  17:35:04  PAGE 31


  C:1699H         LINE#         67
  C:16A0H         LINE#         68
  C:16A2H         LINE#         70
  C:16A2H         LINE#         71
  C:16A6H         LINE#         72
  C:16ADH         LINE#         73
  C:16ADH         LINE#         74
  C:16B4H         LINE#         75
  C:16B4H         LINE#         76
  C:16B8H         LINE#         77
  C:16BFH         LINE#         78
  C:16C1H         LINE#         80
  C:16C1H         LINE#         81
  C:16C5H         LINE#         82
  C:16CCH         LINE#         83
  C:16CCH         LINE#         85
  C:16E1H         LINE#         87
  C:16E4H         LINE#         88
  C:16E4H         LINE#         90
  C:16E9H         LINE#         91
  C:16E9H         LINE#         92
  C:16F0H         LINE#         93
  C:16F4H         LINE#         94
  C:16FBH         LINE#         95
  C:1707H         LINE#         97
  C:1714H         LINE#         98
  C:1714H         LINE#         99
  C:1718H         LINE#         100
  C:171FH         LINE#         101
  C:1721H         LINE#         103
  C:1721H         LINE#         104
  C:1725H         LINE#         105
  C:172CH         LINE#         106
  C:172CH         LINE#         107
  C:1733H         LINE#         108
  C:1733H         LINE#         109
  C:1737H         LINE#         110
  C:173EH         LINE#         111
  C:1740H         LINE#         113
  C:1740H         LINE#         114
  C:1744H         LINE#         115
  C:174BH         LINE#         116
  C:174BH         LINE#         118
  C:1760H         LINE#         120
  C:1763H         LINE#         121
  C:1763H         LINE#         123
  C:1768H         LINE#         124
  C:1768H         LINE#         125
  C:176FH         LINE#         126
  C:1773H         LINE#         127
  C:177AH         LINE#         128
  C:1786H         LINE#         130
  C:1793H         LINE#         131
  C:1793H         LINE#         132
  C:1797H         LINE#         133
  C:179EH         LINE#         134
  C:17A0H         LINE#         136
BL51 BANKED LINKER/LOCATER V6.22.4.0                                                  11/10/2025  17:35:04  PAGE 32


  C:17A0H         LINE#         137
  C:17A4H         LINE#         138
  C:17ABH         LINE#         139
  C:17ABH         LINE#         140
  C:17B2H         LINE#         141
  C:17B2H         LINE#         142
  C:17B6H         LINE#         143
  C:17BDH         LINE#         144
  C:17BFH         LINE#         146
  C:17BFH         LINE#         147
  C:17C3H         LINE#         148
  C:17CAH         LINE#         149
  C:17CAH         LINE#         151
  C:17DFH         LINE#         153
  C:17E2H         LINE#         154
  C:17E2H         LINE#         156
  C:17E7H         LINE#         157
  C:17E7H         LINE#         163
  C:17F1H         LINE#         164
  C:1807H         LINE#         165
  C:181DH         LINE#         166
  C:1833H         LINE#         168
  C:1836H         LINE#         169
  C:1836H         LINE#         171
  C:183BH         LINE#         172
  C:183BH         LINE#         173
  C:1842H         LINE#         174
  C:1849H         LINE#         175
  C:1855H         LINE#         177
  C:1861H         LINE#         178
  C:1861H         LINE#         179
  C:1865H         LINE#         180
  C:186CH         LINE#         181
  C:186EH         LINE#         183
  C:186EH         LINE#         184
  C:1872H         LINE#         185
  C:1879H         LINE#         186
  C:1879H         LINE#         188
  C:188EH         LINE#         190
  C:1891H         LINE#         191
  C:1891H         LINE#         193
  C:1896H         LINE#         194
  C:1896H         LINE#         195
  C:189DH         LINE#         196
  C:18A4H         LINE#         197
  C:18B0H         LINE#         199
  C:18BCH         LINE#         200
  C:18BCH         LINE#         201
  C:18C0H         LINE#         202
  C:18C7H         LINE#         203
  C:18C9H         LINE#         205
  C:18C9H         LINE#         206
  C:18CDH         LINE#         207
  C:18D4H         LINE#         208
  C:18D4H         LINE#         210
  C:18E9H         LINE#         212
  C:18ECH         LINE#         213
[...]
  -------         ENDDO         
  C:2721H         LINE#         35
  C:2721H         LINE#         36
  C:273AH         LINE#         41
  C:273EH         LINE#         42
BL51 BANKED LINKER/LOCATER V6.22.4.0                                                  11/10/2025  17:35:04  PAGE 46


  C:275AH         LINE#         43
  C:2760H         LINE#         44
  C:276BH         LINE#         47
  C:277FH         LINE#         48
  C:2784H         LINE#         49
  C:2789H         LINE#         50
  C:278DH         LINE#         51
  C:2797H         LINE#         54
  C:27A0H         LINE#         57
  -------         ENDPROC       _BUZZER_PLAY
  -------         PROC          _BUZZER_BEEP
  X:03D1H         SYMBOL        idx
  C:2D75H         LINE#         60
  C:2D7DH         LINE#         61
  C:2D80H         LINE#         62
  C:2D83H         LINE#         64
  C:2D83H         LINE#         67
  C:2D9CH         LINE#         69
  C:2DBDH         LINE#         70
  -------         ENDPROC       _BUZZER_BEEP
  -------         PROC          _BUZZER_ALARM
  X:03C6H         SYMBOL        count
  X:03C7H         SYMBOL        duration
  X:03C9H         SYMBOL        dir
  -------         DO            
  X:03CAH         SYMBOL        note
  -------         ENDDO         
  C:2AF9H         LINE#         78
  C:2B07H         LINE#         79
  C:2B0BH         LINE#         81
  C:2B15H         LINE#         83
  C:2B1FH         LINE#         84
  C:2B35H         LINE#         87
  C:2B38H         LINE#         88
  C:2B3FH         LINE#         91
  C:2B48H         LINE#         92
  C:2B4AH         LINE#         94
  -------         ENDPROC       _BUZZER_ALARM
  -------         PROC          BUZZER_STOP
  -------         DO            
  X:03B0H         SYMBOL        PWMx_InitStructure
  -------         ENDDO         
  C:3676H         LINE#         97
  C:3676H         LINE#         100
  C:367BH         LINE#         101
  -------         ENDPROC       BUZZER_STOP
  -------         ENDMOD        BUZZER

  -------         MODULE        MOTORS
  C:0000H         SYMBOL        _ICE_DUMMY_
  D:0092H         PUBLIC        P1M0
  D:0096H         PUBLIC        P2M0
  D:0091H         PUBLIC        P1M1
  D:0080H         PUBLIC        P0
  D:0095H         PUBLIC        P2M1
  D:0090H         PUBLIC        P1
  D:00A0H         PUBLIC        P2
BL51 BANKED LINKER/LOCATER V6.22.4.0                                                  11/10/2025  17:35:04  PAGE 47


  D:00B0H         PUBLIC        P3
  D:00C0H         PUBLIC        P4
  D:00C8H         PUBLIC        P5
  D:00E8H         PUBLIC        P6
  D:00F8H         PUBLIC        P7
  C:352CH         SYMBOL        GPIO_config
  D:00A8H         PUBLIC        IE
  C:3574H         PUBLIC        _speed2duty
  D:00B8H         PUBLIC        IP
  C:3728H         PUBLIC        Motors_init
  C:253FH         PUBLIC        _Motors_move_right
  C:289FH         PUBLIC        _Motors_backward
  C:25F9H         PUBLIC        _Motors_move_left
  C:3016H         PUBLIC        Motors_stop
  D:0098H         PUBLIC        SCON
  D:0088H         PUBLIC        TCON
  C:34EDH         SYMBOL        _?ix1000
  C:34FDH         SYMBOL        _?ix1001
  C:1F2DH         PUBLIC        PWM_config
  C:2988H         PUBLIC        _Motors_forward
  C:2478H         PUBLIC        _Motors_around
  D:00D0H         PUBLIC        PSW
  -------         PROC          GPIO_CONFIG
  C:352CH         LINE#         11
  C:352CH         LINE#         13
  C:3532H         LINE#         15
  C:3538H         LINE#         17
  C:353EH         LINE#         19
  C:3544H         LINE#         22
  C:3547H         LINE#         23
  C:354AH         LINE#         24
  -------         ENDPROC       GPIO_CONFIG
  C:3569H         SYMBOL        L?0041
  -------         PROC          L?0040
  -------         ENDPROC       L?0040
  C:3569H         SYMBOL        L?0041
  -------         PROC          _SPEED2DUTY
  D:0004H         SYMBOL        speed
  C:3574H         LINE#         36
  C:3574H         LINE#         39
  -------         ENDPROC       _SPEED2DUTY
  -------         PROC          PWM_CONFIG
  X:033AH         SYMBOL        cfg
  -------         DO            
  X:034AH         SYMBOL        PWMx_InitStructure
  X:0353H         SYMBOL        LF_duty
  X:0357H         SYMBOL        RF_duty
  X:035BH         SYMBOL        LB_duty
  X:035FH         SYMBOL        RB_duty
  X:0363H         SYMBOL        is_LF_enable
  X:0364H         SYMBOL        is_RF_enable
  X:0365H         SYMBOL        is_LB_enable
  X:0366H         SYMBOL        is_RB_enable
  -------         ENDDO         
  C:1F2DH         LINE#         47
  C:1F2DH         LINE#         48
  C:1F2DH         LINE#         51
BL51 BANKED LINKER/LOCATER V6.22.4.0                                                  11/10/2025  17:35:04  PAGE 48


  C:1F39H         LINE#         52
  C:1F45H         LINE#         53
  C:1F51H         LINE#         54
  C:1F5DH         LINE#         57
  C:1F80H         LINE#         58
  C:1FA3H         LINE#         59
  C:1FC6H         LINE#         60
  C:1FE9H         LINE#         63
  C:1FEFH         LINE#         64
  C:201DH         LINE#         65
  C:202EH         LINE#         66
  C:2039H         LINE#         68
  C:203FH         LINE#         69
  C:206DH         LINE#         70
  C:207EH         LINE#         71
  C:2089H         LINE#         73
  C:208FH         LINE#         74
  C:20BDH         LINE#         75
  C:20CEH         LINE#         76
  C:20D9H         LINE#         78
  C:20DFH         LINE#         79
  C:210DH         LINE#         80
  C:211EH         LINE#         81
  C:2129H         LINE#         84
  C:2133H         LINE#         85
  C:2139H         LINE#         86
  C:213FH         LINE#         87
  C:2143H         LINE#         88
  C:214DH         LINE#         91
  C:2156H         LINE#         92
  C:215CH         LINE#         93
  C:2160H         LINE#         94
  C:2164H         LINE#         97
  -------         ENDPROC       PWM_CONFIG
  -------         PROC          MOTORS_INIT
  C:3728H         LINE#         100
  C:3728H         LINE#         101
  -------         ENDPROC       MOTORS_INIT
  -------         PROC          _MOTORS_FORWARD
  X:0325H         SYMBOL        speed
  -------         DO            
  X:0329H         SYMBOL        cfg
  -------         ENDDO         
  C:2988H         LINE#         105
  C:298EH         LINE#         107
  C:29A0H         LINE#         108
  C:29B4H         LINE#         109
  C:29C8H         LINE#         110
  C:29DCH         LINE#         111
  -------         ENDPROC       _MOTORS_FORWARD
  -------         PROC          _MOTORS_BACKWARD
  X:0391H         SYMBOL        speed
  -------         DO            
  X:0395H         SYMBOL        cfg
  -------         ENDDO         
  C:289FH         LINE#         115
  C:28A5H         LINE#         117
BL51 BANKED LINKER/LOCATER V6.22.4.0                                                  11/10/2025  17:35:04  PAGE 49


  C:28BCH         LINE#         118
  C:28D3H         LINE#         119
  C:28EAH         LINE#         120
  C:2901H         LINE#         121
  -------         ENDPROC       _MOTORS_BACKWARD
  -------         PROC          _MOTORS_MOVE_LEFT
  X:0367H         SYMBOL        speed
  X:036BH         SYMBOL        dir
  -------         DO            
  X:036CH         SYMBOL        cfg
  -------         ENDDO         
  C:25F9H         LINE#         126
  C:25FFH         LINE#         127
  C:2612H         LINE#         142
  C:261EH         LINE#         143
  C:2632H         LINE#         144
  C:2646H         LINE#         145
  C:2646H         LINE#         147
  C:2651H         LINE#         148
  C:2668H         LINE#         149
  C:267FH         LINE#         150
  C:267FH         LINE#         152
  -------         ENDPROC       _MOTORS_MOVE_LEFT
  -------         PROC          _MOTORS_MOVE_RIGHT
  X:037CH         SYMBOL        speed
  X:0380H         SYMBOL        dir
  -------         DO            
  X:0381H         SYMBOL        cfg
  -------         ENDDO         
  C:253FH         LINE#         156
  C:2545H         LINE#         158
  C:2558H         LINE#         160
  C:2560H         LINE#         161
  C:2574H         LINE#         162
  C:2585H         LINE#         163
  C:258EH         LINE#         164
  C:258EH         LINE#         165
  C:258EH         LINE#         166
  C:2590H         LINE#         167
  C:25A1H         LINE#         168
  C:25B5H         LINE#         169
  C:25CCH         LINE#         170
  C:25E3H         LINE#         171
  C:25E3H         LINE#         172
  -------         ENDPROC       _MOTORS_MOVE_RIGHT
  -------         PROC          _MOTORS_AROUND
  X:0325H         SYMBOL        speed
  X:0329H         SYMBOL        dir
  -------         DO            
  X:032AH         SYMBOL        cfg
  -------         ENDDO         
  C:2478H         LINE#         176
  C:247EH         LINE#         178
  C:2487H         LINE#         179
  C:2498H         LINE#         180
  C:24AFH         LINE#         181
  C:24C3H         LINE#         182
BL51 BANKED LINKER/LOCATER V6.22.4.0                                                  11/10/2025  17:35:04  PAGE 50


  C:24D4H         LINE#         183
  C:24D6H         LINE#         184
  C:24EAH         LINE#         185
  C:24FEH         LINE#         186
  C:2515H         LINE#         187
  C:2529H         LINE#         188
  C:2529H         LINE#         189
  -------         ENDPROC       _MOTORS_AROUND
  -------         PROC          MOTORS_STOP
  -------         DO            
  X:0325H         SYMBOL        cfg
  -------         ENDDO         
  C:3016H         LINE#         192
  C:3016H         LINE#         194
  C:3020H         LINE#         195
  C:302AH         LINE#         196
  C:3034H         LINE#         197
  C:303EH         LINE#         198
  -------         ENDPROC       MOTORS_STOP
  -------         ENDMOD        MOTORS

  -------         MODULE        TRACKER
  C:0000H         SYMBOL        _ICE_DUMMY_
  D:0093H         PUBLIC        P0M1
  D:0080H         PUBLIC        P0
  D:0090H         PUBLIC        P1
  D:00A0H         PUBLIC        P2
  D:00B0H         PUBLIC        P3
  D:00C0H         PUBLIC        P4
  D:00C8H         PUBLIC        P5
  D:00E8H         PUBLIC        P6
  D:00F8H         PUBLIC        P7
  D:00A8H         PUBLIC        IE
  D:00B8H         PUBLIC        IP
  B:0080H.0       PUBLIC        P00
  B:0080H.1       PUBLIC        P01
  B:0080H.2       PUBLIC        P02
  B:0080H.3       PUBLIC        P03
  D:0098H         PUBLIC        SCON
  B:0080H.4       PUBLIC        P04
  D:0088H         PUBLIC        TCON
  C:2917H         PUBLIC        Tracker_get_position
  C:3397H         PUBLIC        _Tracker_scan
  C:370FH         PUBLIC        Tracker_init
  D:00D0H         PUBLIC        PSW
  D:0094H         PUBLIC        P0M0
  -------         PROC          TRACKER_INIT
  C:370FH         LINE#         4
  C:370FH         LINE#         6
  C:3715H         LINE#         7
  -------         ENDPROC       TRACKER_INIT
  -------         PROC          _TRACKER_SCAN
  D:0001H         SYMBOL        states
  C:3397H         LINE#         13
  C:3397H         LINE#         15
  C:339EH         LINE#         16
  C:33A8H         LINE#         17
BL51 BANKED LINKER/LOCATER V6.22.4.0                                                  11/10/2025  17:35:04  PAGE 51


  C:33B2H         LINE#         18
  C:33BCH         LINE#         19
  -------         ENDPROC       _TRACKER_SCAN
  -------         PROC          TRACKER_GET_POSITION
  -------         DO            
  X:03D3H         SYMBOL        last_pos
  D:0006H         SYMBOL        sum
  D:0004H         SYMBOL        cnt
  X:0325H         SYMBOL        avg_pos
  -------         ENDDO         
  C:2917H         LINE#         25
  C:2917H         LINE#         27
  C:2922H         LINE#         29
  C:2925H         LINE#         30
  C:292CH         LINE#         31
  C:2931H         LINE#         32
  C:2931H         LINE#         33
  C:2934H         LINE#         34
  C:293CH         LINE#         35
  C:2941H         LINE#         36
  C:2941H         LINE#         37
  C:2944H         LINE#         38
  C:2944H         LINE#         39
  C:2949H         LINE#         40
  C:2949H         LINE#         41
  C:294CH         LINE#         42
  C:2953H         LINE#         43
  C:2958H         LINE#         44
  C:2958H         LINE#         45
  C:295BH         LINE#         46
  C:2962H         LINE#         47
  C:2967H         LINE#         48
  C:2967H         LINE#         50
  C:296BH         LINE#         52
  C:2974H         LINE#         53
  C:2974H         LINE#         55
  C:297FH         LINE#         58
  C:2987H         LINE#         60
  C:2987H         LINE#         61
  -------         ENDPROC       TRACKER_GET_POSITION
  -------         ENDMOD        TRACKER

  -------         MODULE        ?C?FPADD
  C:009DH         PUBLIC        ?C?FPADD
  C:0099H         PUBLIC        ?C?FPSUB
  -------         ENDMOD        ?C?FPADD

  -------         MODULE        ?C?FPMUL
  C:018EH         PUBLIC        ?C?FPMUL
  -------         ENDMOD        ?C?FPMUL

  -------         MODULE        ?C?FPDIV
  C:0297H         PUBLIC        ?C?FPDIV
  -------         ENDMOD        ?C?FPDIV

  -------         MODULE        ?C?FPCMP
  C:0336H         PUBLIC        ?C?FPCMP
BL51 BANKED LINKER/LOCATER V6.22.4.0                                                  11/10/2025  17:35:04  PAGE 52


  C:0334H         PUBLIC        ?C?FPCMP3
  -------         ENDMOD        ?C?FPCMP

  -------         MODULE        ?C?FPNEG
  C:03ADH         PUBLIC        ?C?FPNEG
  -------         ENDMOD        ?C?FPNEG

  -------         MODULE        ?C?FCAST
  C:03C8H         PUBLIC        ?C?FCASTC
  C:03C3H         PUBLIC        ?C?FCASTI
  C:03BEH         PUBLIC        ?C?FCASTL
  -------         ENDMOD        ?C?FCAST

  -------         MODULE        ?C?CASTF
  C:03FCH         PUBLIC        ?C?CASTF
  -------         ENDMOD        ?C?CASTF

  -------         MODULE        PRINTF
  X:0325H         PUBLIC        ?_PRINTF?BYTE
  X:0325H         PUBLIC        ?_SPRINTF?BYTE
  C:11CCH         PUBLIC        _PRINTF
  C:11C6H         PUBLIC        _SPRINTF
  -------         ENDMOD        PRINTF

  -------         MODULE        ?C?FPROUND
  C:047DH         PUBLIC        ?C?FPROUND
  -------         ENDMOD        ?C?FPROUND

  -------         MODULE        ?C?FPCONVERT
  C:04BAH         PUBLIC        ?C?FPCONVERT
  -------         ENDMOD        ?C?FPCONVERT

  -------         MODULE        ?C?FTNPWR
  C:05EFH         PUBLIC        ?C?FTNPWR
  -------         ENDMOD        ?C?FTNPWR

  -------         MODULE        ?C?COPY
  C:06FFH         PUBLIC        ?C?COPY
  -------         ENDMOD        ?C?COPY

  -------         MODULE        ?C?CLDPTR
  C:0725H         PUBLIC        ?C?CLDPTR
  -------         ENDMOD        ?C?CLDPTR

  -------         MODULE        ?C?CLDOPTR
  C:073EH         PUBLIC        ?C?CLDOPTR
  -------         ENDMOD        ?C?CLDOPTR

  -------         MODULE        ?C?CSTPTR
  C:076BH         PUBLIC        ?C?CSTPTR
  -------         ENDMOD        ?C?CSTPTR

  -------         MODULE        ?C?CSTOPTR
  C:077DH         PUBLIC        ?C?CSTOPTR
  -------         ENDMOD        ?C?CSTOPTR

  -------         MODULE        ?C?IMUL
BL51 BANKED LINKER/LOCATER V6.22.4.0                                                  11/10/2025  17:35:04  PAGE 53


  C:079FH         PUBLIC        ?C?IMUL
  -------         ENDMOD        ?C?IMUL

  -------         MODULE        ?C?UIDIV
  C:07B1H         PUBLIC        ?C?UIDIV
  -------         ENDMOD        ?C?UIDIV

  -------         MODULE        ?C?SIDIV
  C:0806H         PUBLIC        ?C?SIDIV
  -------         ENDMOD        ?C?SIDIV

  -------         MODULE        ?C?ILDPTR
  C:083CH         PUBLIC        ?C?ILDPTR
  -------         ENDMOD        ?C?ILDPTR

  -------         MODULE        ?C?ILDOPTR
  C:0867H         PUBLIC        ?C?ILDOPTR
  -------         ENDMOD        ?C?ILDOPTR

  -------         MODULE        ?C?ULDIV
  C:08DBH         PUBLIC        ?C?ULDIV
  -------         ENDMOD        ?C?ULDIV

  -------         MODULE        ?C?SLDIV
  C:0046H         PUBLIC        ?C?SLDIV
  -------         ENDMOD        ?C?SLDIV

  -------         MODULE        ?C?LNEG
  C:096DH         PUBLIC        ?C?LNEG
  -------         ENDMOD        ?C?LNEG

  -------         MODULE        ?C?ULCMP
  C:097BH         PUBLIC        ?C?ULCMP
  -------         ENDMOD        ?C?ULCMP

  -------         MODULE        ?C?ULSHR
  C:098CH         PUBLIC        ?C?ULSHR
  -------         ENDMOD        ?C?ULSHR

  -------         MODULE        ?C?LLDPTR
  C:099FH         PUBLIC        ?C?LLDPTR
  -------         ENDMOD        ?C?LLDPTR

  -------         MODULE        ?C?LSTPTR
  C:09BFH         PUBLIC        ?C?LSTPTR
  -------         ENDMOD        ?C?LSTPTR

  -------         MODULE        ?C?LLDOPTR0
  C:09D9H         PUBLIC        ?C?LLDOPTR0
  -------         ENDMOD        ?C?LLDOPTR0

  -------         MODULE        ?C?LSTXDATA
  C:0A09H         PUBLIC        ?C?LSTXDATA
  -------         ENDMOD        ?C?LSTXDATA

  -------         MODULE        ?C?LSTKXDATA
  C:0A15H         PUBLIC        ?C?LSTKXDATA
BL51 BANKED LINKER/LOCATER V6.22.4.0                                                  11/10/2025  17:35:04  PAGE 54


  -------         ENDMOD        ?C?LSTKXDATA

  -------         MODULE        ?C?PLDIXDATA
  C:0A46H         PUBLIC        ?C?PLDIXDATA
  -------         ENDMOD        ?C?PLDIXDATA

  -------         MODULE        ?C?PSTXDATA
  C:0A5DH         PUBLIC        ?C?PSTXDATA
  -------         ENDMOD        ?C?PSTXDATA

  -------         MODULE        ?C?CCASE
  C:0A66H         PUBLIC        ?C?CCASE
  -------         ENDMOD        ?C?CCASE

  -------         MODULE        ?C?LLDIDATA
  C:0A8CH         PUBLIC        ?C?LLDIDATA
  -------         ENDMOD        ?C?LLDIDATA

  -------         MODULE        ?C?LLDXDATA
  C:0A98H         PUBLIC        ?C?LLDXDATA
  -------         ENDMOD        ?C?LLDXDATA

  -------         MODULE        ?C?LLDPDATA
  C:0AA4H         PUBLIC        ?C?LLDPDATA
  -------         ENDMOD        ?C?LLDPDATA

  -------         MODULE        ?C?LLDCODE
  C:0AB0H         PUBLIC        ?C?LLDCODE
  -------         ENDMOD        ?C?LLDCODE

  -------         MODULE        ?C?LLDIDATA0
  C:0AC0H         PUBLIC        ?C?LLDIDATA0
  -------         ENDMOD        ?C?LLDIDATA0

  -------         MODULE        ?C?LLDXDATA0
  C:0ACDH         PUBLIC        ?C?LLDXDATA0
  -------         ENDMOD        ?C?LLDXDATA0

  -------         MODULE        ?C?LLDPDATA0
  C:0AD9H         PUBLIC        ?C?LLDPDATA0
  -------         ENDMOD        ?C?LLDPDATA0

  -------         MODULE        ?C?LLDCODE0
  C:0AE6H         PUBLIC        ?C?LLDCODE0
  -------         ENDMOD        ?C?LLDCODE0

  -------         MODULE        ?C?LSTIDATA
  C:0AF6H         PUBLIC        ?C?LSTIDATA
  -------         ENDMOD        ?C?LSTIDATA

  -------         MODULE        ?C?LSTPDATA
  C:0B02H         PUBLIC        ?C?LSTPDATA
  -------         ENDMOD        ?C?LSTPDATA

Program Size: data=37.3 xdata=983 code=14117
LINK/LOCATE RUN COMPLETE.  0 WARNING(S),  0 ERROR(S)
